{"timestamp":"2026-08-08T18:49:32.208334","level":"info","event":"DAG bundles loaded: dags-folder","logger":"airflow.dag_processing.bundles.manager.DagBundlesManager"}
{"timestamp":"2026-08-08T18:49:32.209324","level":"info","event":"Filling up the DagBag from /opt/airflow/dags/zomato_batch.py","logger":"airflow.models.dagbag.DagBag"}
{"timestamp":"2026-08-08T18:49:32.288114","level":"info","event":"Tmp dir root location: /tmp","logger":"airflow.task.hooks.airflow.providers.standard.hooks.subprocess.SubprocessHook"}
{"timestamp":"2026-08-08T18:49:32.289451","level":"info","event":"Running command: ['/usr/bin/bash', '-c', 'python /opt/airflow/ai/enrich_reviews.py']","logger":"airflow.task.hooks.airflow.providers.standard.hooks.subprocess.SubprocessHook"}
{"timestamp":"2026-08-08T18:49:32.296935","level":"info","event":"Output:","logger":"airflow.task.hooks.airflow.providers.standard.hooks.subprocess.SubprocessHook"}
{"timestamp":"2026-08-08T18:49:38.126591","level":"info","event":"Enriching 10 reviews...","logger":"airflow.task.hooks.airflow.providers.standard.hooks.subprocess.SubprocessHook"}
{"timestamp":"2026-08-08T18:49:38.127947","level":"info","event":"Classifying review 26: Great value for the price. Neatly packed with no spills.","logger":"airflow.task.hooks.airflow.providers.standard.hooks.subprocess.SubprocessHook"}
{"timestamp":"2026-08-08T18:49:38.128164","level":"info","event":"Labels for review 26: {'sentiment_label': 'positive', 'sentiment_score': 0.8, 'topic': 'packaging', 'key_issue': None}","logger":"airflow.task.hooks.airflow.providers.standard.hooks.subprocess.SubprocessHook"}
{"timestamp":"2026-08-08T18:49:38.130290","level":"info","event":"Classifying review 27: Super fast delivery.","logger":"airflow.task.hooks.airflow.providers.standard.hooks.subprocess.SubprocessHook"}
{"timestamp":"2026-08-08T18:49:38.130400","level":"info","event":"Labels for review 27: {'sentiment_label': 'positive', 'sentiment_score': 0.75, 'topic': 'delivery', 'key_issue': None}","logger":"airflow.task.hooks.airflow.providers.standard.hooks.subprocess.SubprocessHook"}
{"timestamp":"2026-08-08T18:49:38.130478","level":"info","event":"Classifying review 28: Oily, stale and tasteless. Gravy spilled all over the bag.","logger":"airflow.task.hooks.airflow.providers.standard.hooks.subprocess.SubprocessHook"}
{"timestamp":"2026-08-08T18:49:38.130665","level":"info","event":"Labels for review 28: {'sentiment_label': 'negative', 'sentiment_score': -0.9, 'topic': 'food quality', 'key_issue': 'bad taste'}","logger":"airflow.task.hooks.airflow.providers.standard.hooks.subprocess.SubprocessHook"}
{"timestamp":"2026-08-08T18:49:38.130817","level":"info","event":"Classifying review 29: Delivered right on time.","logger":"airflow.task.hooks.airflow.providers.standard.hooks.subprocess.SubprocessHook"}
{"timestamp":"2026-08-08T18:49:38.130924","level":"info","event":"Labels for review 29: {'sentiment_label': 'positive', 'sentiment_score': 0.75, 'topic': 'delivery', 'key_issue': None}","logger":"airflow.task.hooks.airflow.providers.standard.hooks.subprocess.SubprocessHook"}
{"timestamp":"2026-08-08T18:49:38.131012","level":"info","event":"Classifying review 30: The delivery partner was polite and helpful. Authentic taste, cooked perfectly.","logger":"airflow.task.hooks.airflow.providers.standard.hooks.subprocess.SubprocessHook"}
{"timestamp":"2026-08-08T18:49:38.131196","level":"info","event":"Labels for review 30: {'sentiment_label': 'positive', 'sentiment_score': 0.9, 'topic': 'food quality', 'key_issue': None}","logger":"airflow.task.hooks.airflow.providers.standard.hooks.subprocess.SubprocessHook"}
{"timestamp":"2026-08-08T18:49:38.131259","level":"info","event":"Classifying review 31: The delivery partner was polite and helpful. The food was absolutely delicious.","logger":"airflow.task.hooks.airflow.providers.standard.hooks.subprocess.SubprocessHook"}
{"timestamp":"2026-08-08T18:49:38.131383","level":"info","event":"Labels for review 31: {'sentiment_label': 'positive', 'sentiment_score': 0.9, 'topic': 'food quality', 'key_issue': None}","logger":"airflow.task.hooks.airflow.providers.standard.hooks.subprocess.SubprocessHook"}
{"timestamp":"2026-08-08T18:49:38.131457","level":"info","event":"Classifying review 32: Neatly packed with no spills.","logger":"airflow.task.hooks.airflow.providers.standard.hooks.subprocess.SubprocessHook"}
{"timestamp":"2026-08-08T18:49:38.131546","level":"info","event":"Labels for review 32: {'sentiment_label': 'positive', 'sentiment_score': 0.8, 'topic': 'packaging', 'key_issue': None}","logger":"airflow.task.hooks.airflow.providers.standard.hooks.subprocess.SubprocessHook"}
{"timestamp":"2026-08-08T18:49:38.131620","level":"info","event":"Classifying review 33: Totally worth every rupee. Delivered right on time.","logger":"airflow.task.hooks.airflow.providers.standard.hooks.subprocess.SubprocessHook"}
{"timestamp":"2026-08-08T18:49:38.131698","level":"info","event":"Labels for review 33: {'sentiment_label': 'positive', 'sentiment_score': 0.9, 'topic': 'delivery', 'key_issue': None}","logger":"airflow.task.hooks.airflow.providers.standard.hooks.subprocess.SubprocessHook"}
{"timestamp":"2026-08-08T18:49:38.131775","level":"info","event":"Classifying review 34: Authentic taste, cooked perfectly. Totally worth every rupee.","logger":"airflow.task.hooks.airflow.providers.standard.hooks.subprocess.SubprocessHook"}
{"timestamp":"2026-08-08T18:49:38.131852","level":"info","event":"Labels for review 34: {'sentiment_label': 'positive', 'sentiment_score': 0.9, 'topic': 'food quality', 'key_issue': None}","logger":"airflow.task.hooks.airflow.providers.standard.hooks.subprocess.SubprocessHook"}
{"timestamp":"2026-08-08T18:49:38.131920","level":"info","event":"Classifying review 35: Decent but could be better.","logger":"airflow.task.hooks.airflow.providers.standard.hooks.subprocess.SubprocessHook"}
{"timestamp":"2026-08-08T18:49:38.131993","level":"info","event":"Labels for review 35: {'sentiment_label': 'neutral', 'sentiment_score': 0.2, 'topic': 'food quality', 'key_issue': 'room improve'}","logger":"airflow.task.hooks.airflow.providers.standard.hooks.subprocess.SubprocessHook"}
{"timestamp":"2026-08-08T18:49:38.132065","level":"info","event":"Saving 10 enriched reviews to Snowflake...","logger":"airflow.task.hooks.airflow.providers.standard.hooks.subprocess.SubprocessHook"}
{"timestamp":"2026-08-08T18:49:38.132173","level":"info","event":"Saved 10 enriched reviews to Snowflake.","logger":"airflow.task.hooks.airflow.providers.standard.hooks.subprocess.SubprocessHook"}
{"timestamp":"2026-08-08T18:49:38.425426","level":"info","event":"Command exited with return code 0","logger":"airflow.task.hooks.airflow.providers.standard.hooks.subprocess.SubprocessHook"}
{"timestamp":"2026-08-08T18:49:38.430894","level":"info","event":"Pushing xcom","ti":"RuntimeTaskInstance(id=UUID('019fe2b4-f0ec-7284-b188-8b0c1d82dfb4'), task_id='enrich_reviews', dag_id='zomato_batch', run_id='manual__2026-08-08T18:48:56.755091+00:00', try_number=1, map_index=-1, hostname='a9ce8aedf08a', context_carrier=None, task=<Task(BashOperator): enrich_reviews>, bundle_instance=LocalDagBundle(name=dags-folder), max_tries=0, start_date=datetime.datetime(2026, 8, 8, 18, 49, 32, 99419, tzinfo=datetime.timezone.utc), end_date=None, state=<TaskInstanceState.RUNNING: 'running'>, is_mapped=False, rendered_map_index=None, log_url='http://localhost:8080/dags/zomato_batch/runs/manual__2026-08-08T18%3A48%3A56.755091%2B00%3A00/tasks/enrich_reviews?try_number=1')","logger":"task"}
