{"timestamp":"2026-08-08T18:32:10.129076","level":"info","event":"DAG bundles loaded: dags-folder","logger":"airflow.dag_processing.bundles.manager.DagBundlesManager"}
{"timestamp":"2026-08-08T18:32:10.129949","level":"info","event":"Filling up the DagBag from /opt/airflow/dags/zomato_batch.py","logger":"airflow.models.dagbag.DagBag"}
{"timestamp":"2026-08-08T18:32:10.829291","level":"info","event":"Tmp dir root location: /tmp","logger":"airflow.task.hooks.airflow.providers.standard.hooks.subprocess.SubprocessHook"}
{"timestamp":"2026-08-08T18:32:10.830038","level":"info","event":"Running command: ['/usr/bin/bash', '-c', '/opt/airflow/dbt_venv/bin/dbt build --select tag:ai --project-dir /opt/airflow/dbt/zomato --profiles-dir /opt/airflow/dbt/zomato']","logger":"airflow.task.hooks.airflow.providers.standard.hooks.subprocess.SubprocessHook"}
{"timestamp":"2026-08-08T18:32:10.837377","level":"info","event":"Output:","logger":"airflow.task.hooks.airflow.providers.standard.hooks.subprocess.SubprocessHook"}
{"timestamp":"2026-08-08T18:32:13.129702","level":"info","event":"\u001b[0m18:32:13  Running with dbt=1.12.0","logger":"airflow.task.hooks.airflow.providers.standard.hooks.subprocess.SubprocessHook"}
{"timestamp":"2026-08-08T18:32:13.612767","level":"info","event":"\u001b[0m18:32:13  Registered adapter: snowflake=1.8.4","logger":"airflow.task.hooks.airflow.providers.standard.hooks.subprocess.SubprocessHook"}
{"timestamp":"2026-08-08T18:32:13.818081","level":"info","event":"\u001b[0m18:32:13  [\u001b[33mWARNING\u001b[0m]: Configuration paths exist in your dbt_project.yml file which do not apply to any resources.","logger":"airflow.task.hooks.airflow.providers.standard.hooks.subprocess.SubprocessHook"}
{"timestamp":"2026-08-08T18:32:13.818369","level":"info","event":"There are 1 unused configuration paths:","logger":"airflow.task.hooks.airflow.providers.standard.hooks.subprocess.SubprocessHook"}
{"timestamp":"2026-08-08T18:32:13.818463","level":"info","event":"- models.snapshot.zomato","logger":"airflow.task.hooks.airflow.providers.standard.hooks.subprocess.SubprocessHook"}
{"timestamp":"2026-08-08T18:32:14.000853","level":"info","event":"\u001b[0m18:32:14  Found 16 models, 15 data tests, 8 sources, 506 macros","logger":"airflow.task.hooks.airflow.providers.standard.hooks.subprocess.SubprocessHook"}
{"timestamp":"2026-08-08T18:32:14.002738","level":"info","event":"\u001b[0m18:32:14","logger":"airflow.task.hooks.airflow.providers.standard.hooks.subprocess.SubprocessHook"}
{"timestamp":"2026-08-08T18:32:14.003145","level":"info","event":"\u001b[0m18:32:14  Concurrency: 8 threads (target='dev')","logger":"airflow.task.hooks.airflow.providers.standard.hooks.subprocess.SubprocessHook"}
{"timestamp":"2026-08-08T18:32:14.003525","level":"info","event":"\u001b[0m18:32:14","logger":"airflow.task.hooks.airflow.providers.standard.hooks.subprocess.SubprocessHook"}
{"timestamp":"2026-08-08T18:32:19.293701","level":"info","event":"\u001b[0m18:32:19  1 of 1 START sql table model marts.mart_review_insights ........................ [RUN]","logger":"airflow.task.hooks.airflow.providers.standard.hooks.subprocess.SubprocessHook"}
{"timestamp":"2026-08-08T18:32:20.679051","level":"info","event":"\u001b[0m18:32:20  1 of 1 OK created sql table model marts.mart_review_insights ................... [\u001b[32mSUCCESS 1\u001b[0m in 1.38s]","logger":"airflow.task.hooks.airflow.providers.standard.hooks.subprocess.SubprocessHook"}
{"timestamp":"2026-08-08T18:32:20.690105","level":"info","event":"\u001b[0m18:32:20","logger":"airflow.task.hooks.airflow.providers.standard.hooks.subprocess.SubprocessHook"}
{"timestamp":"2026-08-08T18:32:20.690639","level":"info","event":"\u001b[0m18:32:20  Finished running 1 table model in 0 hours 0 minutes and 6.69 seconds (6.69s).","logger":"airflow.task.hooks.airflow.providers.standard.hooks.subprocess.SubprocessHook"}
{"timestamp":"2026-08-08T18:32:20.776844","level":"info","event":"\u001b[0m18:32:20","logger":"airflow.task.hooks.airflow.providers.standard.hooks.subprocess.SubprocessHook"}
{"timestamp":"2026-08-08T18:32:20.777467","level":"info","event":"\u001b[0m18:32:20  \u001b[32mCompleted successfully\u001b[0m","logger":"airflow.task.hooks.airflow.providers.standard.hooks.subprocess.SubprocessHook"}
{"timestamp":"2026-08-08T18:32:20.777785","level":"info","event":"\u001b[0m18:32:20","logger":"airflow.task.hooks.airflow.providers.standard.hooks.subprocess.SubprocessHook"}
{"timestamp":"2026-08-08T18:32:20.778253","level":"info","event":"\u001b[0m18:32:20  Done. PASS=1 WARN=0 ERROR=0 SKIP=0 NO-OP=0 REUSED=0 TOTAL=1","logger":"airflow.task.hooks.airflow.providers.standard.hooks.subprocess.SubprocessHook"}
{"timestamp":"2026-08-08T18:32:22.176096","level":"info","event":"Command exited with return code 0","logger":"airflow.task.hooks.airflow.providers.standard.hooks.subprocess.SubprocessHook"}
{"timestamp":"2026-08-08T18:32:22.181261","level":"info","event":"Pushing xcom","ti":"RuntimeTaskInstance(id=UUID('019fe2a4-beb8-7ef7-8183-63ae2c0a1c5a'), task_id='dbt_build_ai', dag_id='zomato_batch', run_id='scheduled__2026-08-08T00:00:00+00:00', try_number=1, map_index=-1, hostname='a9ce8aedf08a', context_carrier=None, task=<Task(BashOperator): dbt_build_ai>, bundle_instance=LocalDagBundle(name=dags-folder), max_tries=0, start_date=datetime.datetime(2026, 8, 8, 18, 32, 10, 34664, tzinfo=datetime.timezone.utc), end_date=None, state=<TaskInstanceState.RUNNING: 'running'>, is_mapped=False, rendered_map_index=None, log_url='http://localhost:8080/dags/zomato_batch/runs/scheduled__2026-08-08T00%3A00%3A00%2B00%3A00/tasks/dbt_build_ai?try_number=1')","logger":"task"}
