{"timestamp":"2026-08-08T18:49:11.121802","level":"info","event":"DAG bundles loaded: dags-folder","logger":"airflow.dag_processing.bundles.manager.DagBundlesManager"}
{"timestamp":"2026-08-08T18:49:11.123157","level":"info","event":"Filling up the DagBag from /opt/airflow/dags/zomato_batch.py","logger":"airflow.models.dagbag.DagBag"}
{"timestamp":"2026-08-08T18:49:11.263463","level":"info","event":"Tmp dir root location: /tmp","logger":"airflow.task.hooks.airflow.providers.standard.hooks.subprocess.SubprocessHook"}
{"timestamp":"2026-08-08T18:49:11.266882","level":"info","event":"Running command: ['/usr/bin/bash', '-c', '/opt/airflow/dbt_venv/bin/dbt build --exclude tag:ai --project-dir /opt/airflow/dbt/zomato --profiles-dir /opt/airflow/dbt/zomato']","logger":"airflow.task.hooks.airflow.providers.standard.hooks.subprocess.SubprocessHook"}
{"timestamp":"2026-08-08T18:49:11.281413","level":"info","event":"Output:","logger":"airflow.task.hooks.airflow.providers.standard.hooks.subprocess.SubprocessHook"}
{"timestamp":"2026-08-08T18:49:13.298016","level":"info","event":"\u001b[0m18:49:13  Running with dbt=1.12.0","logger":"airflow.task.hooks.airflow.providers.standard.hooks.subprocess.SubprocessHook"}
{"timestamp":"2026-08-08T18:49:13.794213","level":"info","event":"\u001b[0m18:49:13  Registered adapter: snowflake=1.8.4","logger":"airflow.task.hooks.airflow.providers.standard.hooks.subprocess.SubprocessHook"}
{"timestamp":"2026-08-08T18:49:14.023131","level":"info","event":"\u001b[0m18:49:14  [\u001b[33mWARNING\u001b[0m]: Configuration paths exist in your dbt_project.yml file which do not apply to any resources.","logger":"airflow.task.hooks.airflow.providers.standard.hooks.subprocess.SubprocessHook"}
{"timestamp":"2026-08-08T18:49:14.023320","level":"info","event":"There are 1 unused configuration paths:","logger":"airflow.task.hooks.airflow.providers.standard.hooks.subprocess.SubprocessHook"}
{"timestamp":"2026-08-08T18:49:14.023418","level":"info","event":"- models.snapshot.zomato","logger":"airflow.task.hooks.airflow.providers.standard.hooks.subprocess.SubprocessHook"}
{"timestamp":"2026-08-08T18:49:14.199110","level":"info","event":"\u001b[0m18:49:14  Found 16 models, 15 data tests, 8 sources, 506 macros","logger":"airflow.task.hooks.airflow.providers.standard.hooks.subprocess.SubprocessHook"}
{"timestamp":"2026-08-08T18:49:14.202746","level":"info","event":"\u001b[0m18:49:14","logger":"airflow.task.hooks.airflow.providers.standard.hooks.subprocess.SubprocessHook"}
{"timestamp":"2026-08-08T18:49:14.203125","level":"info","event":"\u001b[0m18:49:14  Concurrency: 8 threads (target='dev')","logger":"airflow.task.hooks.airflow.providers.standard.hooks.subprocess.SubprocessHook"}
{"timestamp":"2026-08-08T18:49:14.203498","level":"info","event":"\u001b[0m18:49:14","logger":"airflow.task.hooks.airflow.providers.standard.hooks.subprocess.SubprocessHook"}
{"timestamp":"2026-08-08T18:49:18.884614","level":"info","event":"\u001b[0m18:49:18  1 of 30 START sql table model marts.dim_date ................................... [RUN]","logger":"airflow.task.hooks.airflow.providers.standard.hooks.subprocess.SubprocessHook"}
{"timestamp":"2026-08-08T18:49:18.885706","level":"info","event":"\u001b[0m18:49:18  2 of 30 START sql view model staging.stg_food .................................. [RUN]","logger":"airflow.task.hooks.airflow.providers.standard.hooks.subprocess.SubprocessHook"}
{"timestamp":"2026-08-08T18:49:18.887406","level":"info","event":"\u001b[0m18:49:18  3 of 30 START sql view model staging.stg_menu .................................. [RUN]","logger":"airflow.task.hooks.airflow.providers.standard.hooks.subprocess.SubprocessHook"}
{"timestamp":"2026-08-08T18:49:18.888195","level":"info","event":"\u001b[0m18:49:18  4 of 30 START sql view model staging.stg_order_items ........................... [RUN]","logger":"airflow.task.hooks.airflow.providers.standard.hooks.subprocess.SubprocessHook"}
{"timestamp":"2026-08-08T18:49:18.889145","level":"info","event":"\u001b[0m18:49:18  5 of 30 START sql view model staging.stg_orders ................................ [RUN]","logger":"airflow.task.hooks.airflow.providers.standard.hooks.subprocess.SubprocessHook"}
{"timestamp":"2026-08-08T18:49:18.891983","level":"info","event":"\u001b[0m18:49:18  6 of 30 START sql view model staging.stg_restaurants ........................... [RUN]","logger":"airflow.task.hooks.airflow.providers.standard.hooks.subprocess.SubprocessHook"}
{"timestamp":"2026-08-08T18:49:18.896660","level":"info","event":"\u001b[0m18:49:18  7 of 30 START sql view model staging.stg_users ................................. [RUN]","logger":"airflow.task.hooks.airflow.providers.standard.hooks.subprocess.SubprocessHook"}
{"timestamp":"2026-08-08T18:49:21.032258","level":"info","event":"\u001b[0m18:49:21  1 of 30 OK created sql table model marts.dim_date .............................. [\u001b[32mSUCCESS 1\u001b[0m in 2.13s]","logger":"airflow.task.hooks.airflow.providers.standard.hooks.subprocess.SubprocessHook"}
{"timestamp":"2026-08-08T18:49:21.033353","level":"info","event":"\u001b[0m18:49:21  7 of 30 OK created sql view model staging.stg_users ............................ [\u001b[32mSUCCESS 1\u001b[0m in 2.13s]","logger":"airflow.task.hooks.airflow.providers.standard.hooks.subprocess.SubprocessHook"}
{"timestamp":"2026-08-08T18:49:21.037637","level":"info","event":"\u001b[0m18:49:21  8 of 30 START test not_null_stg_users_customer_id .............................. [RUN]","logger":"airflow.task.hooks.airflow.providers.standard.hooks.subprocess.SubprocessHook"}
{"timestamp":"2026-08-08T18:49:21.038130","level":"info","event":"\u001b[0m18:49:21  9 of 30 START test unique_stg_users_customer_id ................................ [RUN]","logger":"airflow.task.hooks.airflow.providers.standard.hooks.subprocess.SubprocessHook"}
{"timestamp":"2026-08-08T18:49:21.451244","level":"info","event":"\u001b[0m18:49:21  4 of 30 OK created sql view model staging.stg_order_items ...................... [\u001b[32mSUCCESS 1\u001b[0m in 2.55s]","logger":"airflow.task.hooks.airflow.providers.standard.hooks.subprocess.SubprocessHook"}
{"timestamp":"2026-08-08T18:49:21.453576","level":"info","event":"\u001b[0m18:49:21  10 of 30 START test not_null_stg_order_items_order_item_id ..................... [RUN]","logger":"airflow.task.hooks.airflow.providers.standard.hooks.subprocess.SubprocessHook"}
{"timestamp":"2026-08-08T18:49:21.454225","level":"info","event":"\u001b[0m18:49:21  11 of 30 START test unique_stg_order_items_order_item_id ....................... [RUN]","logger":"airflow.task.hooks.airflow.providers.standard.hooks.subprocess.SubprocessHook"}
{"timestamp":"2026-08-08T18:49:21.476815","level":"info","event":"\u001b[0m18:49:21  6 of 30 OK created sql view model staging.stg_restaurants ...................... [\u001b[32mSUCCESS 1\u001b[0m in 2.57s]","logger":"airflow.task.hooks.airflow.providers.standard.hooks.subprocess.SubprocessHook"}
{"timestamp":"2026-08-08T18:49:21.483155","level":"info","event":"\u001b[0m18:49:21  12 of 30 START test not_null_stg_restaurants_restaurant_id ..................... [RUN]","logger":"airflow.task.hooks.airflow.providers.standard.hooks.subprocess.SubprocessHook"}
{"timestamp":"2026-08-08T18:49:21.509364","level":"info","event":"\u001b[0m18:49:21  3 of 30 OK created sql view model staging.stg_menu ............................. [\u001b[32mSUCCESS 1\u001b[0m in 2.60s]","logger":"airflow.task.hooks.airflow.providers.standard.hooks.subprocess.SubprocessHook"}
{"timestamp":"2026-08-08T18:49:21.542694","level":"info","event":"\u001b[0m18:49:21  13 of 30 START test unique_stg_restaurants_restaurant_id ....................... [RUN]","logger":"airflow.task.hooks.airflow.providers.standard.hooks.subprocess.SubprocessHook"}
{"timestamp":"2026-08-08T18:49:21.798616","level":"info","event":"\u001b[0m18:49:21  2 of 30 OK created sql view model staging.stg_food ............................. [\u001b[32mSUCCESS 1\u001b[0m in 2.90s]","logger":"airflow.task.hooks.airflow.providers.standard.hooks.subprocess.SubprocessHook"}
{"timestamp":"2026-08-08T18:49:21.800237","level":"info","event":"\u001b[0m18:49:21  14 of 30 START sql table model marts.dim_food .................................. [RUN]","logger":"airflow.task.hooks.airflow.providers.standard.hooks.subprocess.SubprocessHook"}
{"timestamp":"2026-08-08T18:49:21.830451","level":"info","event":"\u001b[0m18:49:21  5 of 30 OK created sql view model staging.stg_orders ........................... [\u001b[32mSUCCESS 1\u001b[0m in 2.93s]","logger":"airflow.task.hooks.airflow.providers.standard.hooks.subprocess.SubprocessHook"}
{"timestamp":"2026-08-08T18:49:21.832354","level":"info","event":"\u001b[0m18:49:21  15 of 30 START test not_null_stg_orders_customer_id ............................ [RUN]","logger":"airflow.task.hooks.airflow.providers.standard.hooks.subprocess.SubprocessHook"}
{"timestamp":"2026-08-08T18:49:22.190917","level":"info","event":"\u001b[0m18:49:22  8 of 30 PASS not_null_stg_users_customer_id .................................... [\u001b[32mPASS\u001b[0m in 1.15s]","logger":"airflow.task.hooks.airflow.providers.standard.hooks.subprocess.SubprocessHook"}
{"timestamp":"2026-08-08T18:49:22.192596","level":"info","event":"\u001b[0m18:49:22  16 of 30 START test not_null_stg_orders_order_id ............................... [RUN]","logger":"airflow.task.hooks.airflow.providers.standard.hooks.subprocess.SubprocessHook"}
{"timestamp":"2026-08-08T18:49:22.333362","level":"info","event":"\u001b[0m18:49:22  9 of 30 PASS unique_stg_users_customer_id ...................................... [\u001b[32mPASS\u001b[0m in 1.29s]","logger":"airflow.task.hooks.airflow.providers.standard.hooks.subprocess.SubprocessHook"}
{"timestamp":"2026-08-08T18:49:22.335458","level":"info","event":"\u001b[0m18:49:22  17 of 30 START test not_null_stg_orders_restaurant_id .......................... [RUN]","logger":"airflow.task.hooks.airflow.providers.standard.hooks.subprocess.SubprocessHook"}
{"timestamp":"2026-08-08T18:49:22.336696","level":"info","event":"\u001b[0m18:49:22  10 of 30 PASS not_null_stg_order_items_order_item_id ........................... [\u001b[32mPASS\u001b[0m in 0.88s]","logger":"airflow.task.hooks.airflow.providers.standard.hooks.subprocess.SubprocessHook"}
{"timestamp":"2026-08-08T18:49:22.347614","level":"info","event":"\u001b[0m18:49:22  18 of 30 START test unique_stg_orders_order_id ................................. [RUN]","logger":"airflow.task.hooks.airflow.providers.standard.hooks.subprocess.SubprocessHook"}
{"timestamp":"2026-08-08T18:49:22.504579","level":"info","event":"\u001b[0m18:49:22  12 of 30 PASS not_null_stg_restaurants_restaurant_id ........................... [\u001b[32mPASS\u001b[0m in 1.02s]","logger":"airflow.task.hooks.airflow.providers.standard.hooks.subprocess.SubprocessHook"}
{"timestamp":"2026-08-08T18:49:22.693573","level":"info","event":"\u001b[0m18:49:22  13 of 30 PASS unique_stg_restaurants_restaurant_id ............................. [\u001b[32mPASS\u001b[0m in 1.14s]","logger":"airflow.task.hooks.airflow.providers.standard.hooks.subprocess.SubprocessHook"}
{"timestamp":"2026-08-08T18:49:22.696162","level":"info","event":"\u001b[0m18:49:22  19 of 30 START sql table model marts.dim_restaurants ........................... [RUN]","logger":"airflow.task.hooks.airflow.providers.standard.hooks.subprocess.SubprocessHook"}
{"timestamp":"2026-08-08T18:49:22.696776","level":"info","event":"\u001b[0m18:49:22  20 of 30 START sql view model staging.stg_reviews .............................. [RUN]","logger":"airflow.task.hooks.airflow.providers.standard.hooks.subprocess.SubprocessHook"}
{"timestamp":"2026-08-08T18:49:22.750436","level":"info","event":"\u001b[0m18:49:22  15 of 30 PASS not_null_stg_orders_customer_id .................................. [\u001b[32mPASS\u001b[0m in 0.92s]","logger":"airflow.task.hooks.airflow.providers.standard.hooks.subprocess.SubprocessHook"}
{"timestamp":"2026-08-08T18:49:22.855581","level":"info","event":"\u001b[0m18:49:22  11 of 30 PASS unique_stg_order_items_order_item_id ............................. [\u001b[32mPASS\u001b[0m in 1.40s]","logger":"airflow.task.hooks.airflow.providers.standard.hooks.subprocess.SubprocessHook"}
{"timestamp":"2026-08-08T18:49:23.047431","level":"info","event":"\u001b[0m18:49:23  16 of 30 PASS not_null_stg_orders_order_id ..................................... [\u001b[32mPASS\u001b[0m in 0.85s]","logger":"airflow.task.hooks.airflow.providers.standard.hooks.subprocess.SubprocessHook"}
{"timestamp":"2026-08-08T18:49:23.200150","level":"info","event":"\u001b[0m18:49:23  17 of 30 PASS not_null_stg_orders_restaurant_id ................................ [\u001b[32mPASS\u001b[0m in 0.86s]","logger":"airflow.task.hooks.airflow.providers.standard.hooks.subprocess.SubprocessHook"}
{"timestamp":"2026-08-08T18:49:23.495323","level":"info","event":"\u001b[0m18:49:23  18 of 30 PASS unique_stg_orders_order_id ....................................... [\u001b[32mPASS\u001b[0m in 1.15s]","logger":"airflow.task.hooks.airflow.providers.standard.hooks.subprocess.SubprocessHook"}
{"timestamp":"2026-08-08T18:49:23.498985","level":"info","event":"\u001b[0m18:49:23  21 of 30 START sql incremental model marts.fct_order_items ..................... [RUN]","logger":"airflow.task.hooks.airflow.providers.standard.hooks.subprocess.SubprocessHook"}
{"timestamp":"2026-08-08T18:49:23.499786","level":"info","event":"\u001b[0m18:49:23  22 of 30 START sql incremental model marts.fct_orders .......................... [RUN]","logger":"airflow.task.hooks.airflow.providers.standard.hooks.subprocess.SubprocessHook"}
{"timestamp":"2026-08-08T18:49:23.694198","level":"info","event":"\u001b[0m18:49:23  20 of 30 OK created sql view model staging.stg_reviews ......................... [\u001b[32mSUCCESS 1\u001b[0m in 0.99s]","logger":"airflow.task.hooks.airflow.providers.standard.hooks.subprocess.SubprocessHook"}
{"timestamp":"2026-08-08T18:49:23.696165","level":"info","event":"\u001b[0m18:49:23  23 of 30 START test not_null_stg_reviews_review_id ............................. [RUN]","logger":"airflow.task.hooks.airflow.providers.standard.hooks.subprocess.SubprocessHook"}
{"timestamp":"2026-08-08T18:49:23.696576","level":"info","event":"\u001b[0m18:49:23  24 of 30 START test unique_stg_reviews_review_id ............................... [RUN]","logger":"airflow.task.hooks.airflow.providers.standard.hooks.subprocess.SubprocessHook"}
{"timestamp":"2026-08-08T18:49:23.706557","level":"info","event":"\u001b[0m18:49:23  14 of 30 OK created sql table model marts.dim_food ............................. [\u001b[32mSUCCESS 1\u001b[0m in 1.90s]","logger":"airflow.task.hooks.airflow.providers.standard.hooks.subprocess.SubprocessHook"}
{"timestamp":"2026-08-08T18:49:24.216900","level":"info","event":"\u001b[0m18:49:24  19 of 30 OK created sql table model marts.dim_restaurants ...................... [\u001b[32mSUCCESS 1\u001b[0m in 1.52s]","logger":"airflow.task.hooks.airflow.providers.standard.hooks.subprocess.SubprocessHook"}
{"timestamp":"2026-08-08T18:49:24.643149","level":"info","event":"\u001b[0m18:49:24  23 of 30 PASS not_null_stg_reviews_review_id ................................... [\u001b[32mPASS\u001b[0m in 0.95s]","logger":"airflow.task.hooks.airflow.providers.standard.hooks.subprocess.SubprocessHook"}
{"timestamp":"2026-08-08T18:49:24.887735","level":"info","event":"\u001b[0m18:49:24  24 of 30 PASS unique_stg_reviews_review_id ..................................... [\u001b[32mPASS\u001b[0m in 1.19s]","logger":"airflow.task.hooks.airflow.providers.standard.hooks.subprocess.SubprocessHook"}
{"timestamp":"2026-08-08T18:49:26.047988","level":"info","event":"\u001b[0m18:49:26  21 of 30 OK created sql incremental model marts.fct_order_items ................ [\u001b[32mSUCCESS 0\u001b[0m in 2.55s]","logger":"airflow.task.hooks.airflow.providers.standard.hooks.subprocess.SubprocessHook"}
{"timestamp":"2026-08-08T18:49:26.052923","level":"info","event":"\u001b[0m18:49:26  22 of 30 OK created sql incremental model marts.fct_orders ..................... [\u001b[32mSUCCESS 0\u001b[0m in 2.55s]","logger":"airflow.task.hooks.airflow.providers.standard.hooks.subprocess.SubprocessHook"}
{"timestamp":"2026-08-08T18:49:26.057111","level":"info","event":"\u001b[0m18:49:26  25 of 30 START test accepted_values_fct_orders_order_status__Delivered__Cancelled__Refunded  [RUN]","logger":"airflow.task.hooks.airflow.providers.standard.hooks.subprocess.SubprocessHook"}
{"timestamp":"2026-08-08T18:49:26.057910","level":"info","event":"\u001b[0m18:49:26  26 of 30 START test not_null_fct_orders_order_id ............................... [RUN]","logger":"airflow.task.hooks.airflow.providers.standard.hooks.subprocess.SubprocessHook"}
{"timestamp":"2026-08-08T18:49:26.058448","level":"info","event":"\u001b[0m18:49:26  27 of 30 START test unique_fct_orders_order_id ................................. [RUN]","logger":"airflow.task.hooks.airflow.providers.standard.hooks.subprocess.SubprocessHook"}
{"timestamp":"2026-08-08T18:49:26.974323","level":"info","event":"\u001b[0m18:49:26  27 of 30 PASS unique_fct_orders_order_id ....................................... [\u001b[32mPASS\u001b[0m in 0.91s]","logger":"airflow.task.hooks.airflow.providers.standard.hooks.subprocess.SubprocessHook"}
{"timestamp":"2026-08-08T18:49:27.024929","level":"info","event":"\u001b[0m18:49:27  26 of 30 PASS not_null_fct_orders_order_id ..................................... [\u001b[32mPASS\u001b[0m in 0.96s]","logger":"airflow.task.hooks.airflow.providers.standard.hooks.subprocess.SubprocessHook"}
{"timestamp":"2026-08-08T18:49:27.041544","level":"info","event":"\u001b[0m18:49:27  25 of 30 PASS accepted_values_fct_orders_order_status__Delivered__Cancelled__Refunded  [\u001b[32mPASS\u001b[0m in 0.98s]","logger":"airflow.task.hooks.airflow.providers.standard.hooks.subprocess.SubprocessHook"}
{"timestamp":"2026-08-08T18:49:27.050109","level":"info","event":"\u001b[0m18:49:27  28 of 30 START sql table model marts.mart_daily_city_revenue ................... [RUN]","logger":"airflow.task.hooks.airflow.providers.standard.hooks.subprocess.SubprocessHook"}
{"timestamp":"2026-08-08T18:49:27.051799","level":"info","event":"\u001b[0m18:49:27  29 of 30 START sql table model marts.mart_delivery_sla ......................... [RUN]","logger":"airflow.task.hooks.airflow.providers.standard.hooks.subprocess.SubprocessHook"}
{"timestamp":"2026-08-08T18:49:27.052904","level":"info","event":"\u001b[0m18:49:27  30 of 30 START sql table model marts.mart_restaurant_performance ............... [RUN]","logger":"airflow.task.hooks.airflow.providers.standard.hooks.subprocess.SubprocessHook"}
{"timestamp":"2026-08-08T18:49:28.911042","level":"info","event":"\u001b[0m18:49:28  28 of 30 OK created sql table model marts.mart_daily_city_revenue .............. [\u001b[32mSUCCESS 1\u001b[0m in 1.85s]","logger":"airflow.task.hooks.airflow.providers.standard.hooks.subprocess.SubprocessHook"}
{"timestamp":"2026-08-08T18:49:30.002269","level":"info","event":"\u001b[0m18:49:30  29 of 30 OK created sql table model marts.mart_delivery_sla .................... [\u001b[32mSUCCESS 1\u001b[0m in 2.95s]","logger":"airflow.task.hooks.airflow.providers.standard.hooks.subprocess.SubprocessHook"}
{"timestamp":"2026-08-08T18:49:30.036944","level":"info","event":"\u001b[0m18:49:30  30 of 30 OK created sql table model marts.mart_restaurant_performance .......... [\u001b[32mSUCCESS 1\u001b[0m in 2.98s]","logger":"airflow.task.hooks.airflow.providers.standard.hooks.subprocess.SubprocessHook"}
{"timestamp":"2026-08-08T18:49:30.045112","level":"info","event":"\u001b[0m18:49:30","logger":"airflow.task.hooks.airflow.providers.standard.hooks.subprocess.SubprocessHook"}
{"timestamp":"2026-08-08T18:49:30.045635","level":"info","event":"\u001b[0m18:49:30  Finished running 2 incremental models, 6 table models, 15 data tests, 7 view models in 0 hours 0 minutes and 15.84 seconds (15.84s).","logger":"airflow.task.hooks.airflow.providers.standard.hooks.subprocess.SubprocessHook"}
{"timestamp":"2026-08-08T18:49:30.115568","level":"info","event":"\u001b[0m18:49:30","logger":"airflow.task.hooks.airflow.providers.standard.hooks.subprocess.SubprocessHook"}
{"timestamp":"2026-08-08T18:49:30.116147","level":"info","event":"\u001b[0m18:49:30  \u001b[32mCompleted successfully\u001b[0m","logger":"airflow.task.hooks.airflow.providers.standard.hooks.subprocess.SubprocessHook"}
{"timestamp":"2026-08-08T18:49:30.116647","level":"info","event":"\u001b[0m18:49:30","logger":"airflow.task.hooks.airflow.providers.standard.hooks.subprocess.SubprocessHook"}
{"timestamp":"2026-08-08T18:49:30.117194","level":"info","event":"\u001b[0m18:49:30  Done. PASS=30 WARN=0 ERROR=0 SKIP=0 NO-OP=0 REUSED=0 TOTAL=30","logger":"airflow.task.hooks.airflow.providers.standard.hooks.subprocess.SubprocessHook"}
{"timestamp":"2026-08-08T18:49:31.680183","level":"info","event":"Command exited with return code 0","logger":"airflow.task.hooks.airflow.providers.standard.hooks.subprocess.SubprocessHook"}
{"timestamp":"2026-08-08T18:49:31.687406","level":"info","event":"Pushing xcom","ti":"RuntimeTaskInstance(id=UUID('019fe2b4-f0eb-7387-bdb7-3c223f569d28'), task_id='dbt_build_core', dag_id='zomato_batch', run_id='manual__2026-08-08T18:48:56.755091+00:00', try_number=1, map_index=-1, hostname='a9ce8aedf08a', context_carrier=None, task=<Task(BashOperator): dbt_build_core>, bundle_instance=LocalDagBundle(name=dags-folder), max_tries=0, start_date=datetime.datetime(2026, 8, 8, 18, 49, 10, 967900, tzinfo=datetime.timezone.utc), end_date=None, state=<TaskInstanceState.RUNNING: 'running'>, is_mapped=False, rendered_map_index=None, log_url='http://localhost:8080/dags/zomato_batch/runs/manual__2026-08-08T18%3A48%3A56.755091%2B00%3A00/tasks/dbt_build_core?try_number=1')","logger":"task"}
