{"timestamp":"2026-08-08T18:48:58.343361","level":"info","event":"DAG bundles loaded: dags-folder","logger":"airflow.dag_processing.bundles.manager.DagBundlesManager"}
{"timestamp":"2026-08-08T18:48:58.345461","level":"info","event":"Filling up the DagBag from /opt/airflow/dags/zomato_batch.py","logger":"airflow.models.dagbag.DagBag"}
{"timestamp":"2026-08-08T18:48:58.555096","level":"info","event":"Executing: ['USE WAREHOUSE ZOMATO_WH', \"COPY INTO ZOMATO.RAW.restaurants FROM @ZOMATO.RAW.ZOMATO_RAW_STAGE/restaurants/  ON_ERROR='CONTINUE'\", \"COPY INTO ZOMATO.RAW.users       FROM @ZOMATO.RAW.ZOMATO_RAW_STAGE/users/        ON_ERROR='CONTINUE'\", \"COPY INTO ZOMATO.RAW.food        FROM @ZOMATO.RAW.ZOMATO_RAW_STAGE/food/         ON_ERROR='CONTINUE'\", \"COPY INTO ZOMATO.RAW.menu        FROM @ZOMATO.RAW.ZOMATO_RAW_STAGE/menu/         ON_ERROR='CONTINUE'\", 'COPY INTO ZOMATO.RAW.orders      FROM @ZOMATO.RAW.ZOMATO_RAW_STAGE/orders/', 'COPY INTO ZOMATO.RAW.order_items FROM @ZOMATO.RAW.ZOMATO_RAW_STAGE/order_items/', 'COPY INTO ZOMATO.RAW.reviews     FROM @ZOMATO.RAW.ZOMATO_RAW_STAGE/reviews/']","logger":"airflow.task.operators.airflow.providers.common.sql.operators.sql.SQLExecuteQueryOperator"}
{"timestamp":"2026-08-08T18:48:58.571022","level":"warning","event":"empty cryptography key - values will not be stored encrypted.","logger":"airflow.models.crypto"}
{"timestamp":"2026-08-08T18:48:58.573343","level":"info","event":"Connection Retrieved 'snowflake_default'","logger":"airflow.hooks.base"}
{"timestamp":"2026-08-08T18:49:00.356725","level":"info","event":"Connection Retrieved 'snowflake_default'","logger":"airflow.hooks.base"}
{"timestamp":"2026-08-08T18:49:00.357371","level":"info","event":"Snowflake Connector for Python Version: 3.16.0, Python Version: 3.12.11, Platform: Linux-6.12.76-linuxkit-aarch64-with-glibc2.36","logger":"snowflake.connector.connection"}
{"timestamp":"2026-08-08T18:49:00.358106","level":"info","event":"Connecting to GLOBAL Snowflake domain","logger":"snowflake.connector.connection"}
{"timestamp":"2026-08-08T18:49:01.814136","level":"info","event":"Running statement: USE WAREHOUSE ZOMATO_WH, parameters: None","logger":"airflow.task.hooks.airflow.providers.snowflake.hooks.snowflake.SnowflakeHook"}
{"timestamp":"2026-08-08T18:49:01.815156","level":"info","event":"Running statement: USE WAREHOUSE ZOMATO_WH, parameters: None","logger":"airflow.task.hooks.airflow.providers.snowflake.hooks.snowflake.SnowflakeHook"}
{"timestamp":"2026-08-08T18:49:02.214132","level":"info","event":"Rows affected: 1","logger":"airflow.task.hooks.airflow.providers.snowflake.hooks.snowflake.SnowflakeHook"}
{"timestamp":"2026-08-08T18:49:02.215689","level":"info","event":"Rows affected: 1","logger":"airflow.task.hooks.airflow.providers.snowflake.hooks.snowflake.SnowflakeHook"}
{"timestamp":"2026-08-08T18:49:02.215826","level":"info","event":"Snowflake query id: 01c64209-000d-e4c4-0001-8a7e0005f276","logger":"airflow.task.hooks.airflow.providers.snowflake.hooks.snowflake.SnowflakeHook"}
{"timestamp":"2026-08-08T18:49:02.215892","level":"info","event":"Running statement: COPY INTO ZOMATO.RAW.restaurants FROM @ZOMATO.RAW.ZOMATO_RAW_STAGE/restaurants/  ON_ERROR='CONTINUE', parameters: None","logger":"airflow.task.hooks.airflow.providers.snowflake.hooks.snowflake.SnowflakeHook"}
{"timestamp":"2026-08-08T18:49:02.215945","level":"info","event":"Running statement: COPY INTO ZOMATO.RAW.restaurants FROM @ZOMATO.RAW.ZOMATO_RAW_STAGE/restaurants/  ON_ERROR='CONTINUE', parameters: None","logger":"airflow.task.hooks.airflow.providers.snowflake.hooks.snowflake.SnowflakeHook"}
{"timestamp":"2026-08-08T18:49:03.673851","level":"info","event":"Rows affected: 1","logger":"airflow.task.hooks.airflow.providers.snowflake.hooks.snowflake.SnowflakeHook"}
{"timestamp":"2026-08-08T18:49:03.675461","level":"info","event":"Rows affected: 1","logger":"airflow.task.hooks.airflow.providers.snowflake.hooks.snowflake.SnowflakeHook"}
{"timestamp":"2026-08-08T18:49:03.675610","level":"info","event":"Snowflake query id: 01c64209-000d-e4de-0001-8a7e0006312e","logger":"airflow.task.hooks.airflow.providers.snowflake.hooks.snowflake.SnowflakeHook"}
{"timestamp":"2026-08-08T18:49:03.675680","level":"info","event":"Running statement: COPY INTO ZOMATO.RAW.users       FROM @ZOMATO.RAW.ZOMATO_RAW_STAGE/users/        ON_ERROR='CONTINUE', parameters: None","logger":"airflow.task.hooks.airflow.providers.snowflake.hooks.snowflake.SnowflakeHook"}
{"timestamp":"2026-08-08T18:49:03.675753","level":"info","event":"Running statement: COPY INTO ZOMATO.RAW.users       FROM @ZOMATO.RAW.ZOMATO_RAW_STAGE/users/        ON_ERROR='CONTINUE', parameters: None","logger":"airflow.task.hooks.airflow.providers.snowflake.hooks.snowflake.SnowflakeHook"}
{"timestamp":"2026-08-08T18:49:05.800903","level":"info","event":"Rows affected: 1","logger":"airflow.task.hooks.airflow.providers.snowflake.hooks.snowflake.SnowflakeHook"}
{"timestamp":"2026-08-08T18:49:05.801424","level":"info","event":"Rows affected: 1","logger":"airflow.task.hooks.airflow.providers.snowflake.hooks.snowflake.SnowflakeHook"}
{"timestamp":"2026-08-08T18:49:05.802161","level":"info","event":"Snowflake query id: 01c64209-000d-e4c4-0001-8a7e0005f27a","logger":"airflow.task.hooks.airflow.providers.snowflake.hooks.snowflake.SnowflakeHook"}
{"timestamp":"2026-08-08T18:49:05.802296","level":"info","event":"Running statement: COPY INTO ZOMATO.RAW.food        FROM @ZOMATO.RAW.ZOMATO_RAW_STAGE/food/         ON_ERROR='CONTINUE', parameters: None","logger":"airflow.task.hooks.airflow.providers.snowflake.hooks.snowflake.SnowflakeHook"}
{"timestamp":"2026-08-08T18:49:05.802361","level":"info","event":"Running statement: COPY INTO ZOMATO.RAW.food        FROM @ZOMATO.RAW.ZOMATO_RAW_STAGE/food/         ON_ERROR='CONTINUE', parameters: None","logger":"airflow.task.hooks.airflow.providers.snowflake.hooks.snowflake.SnowflakeHook"}
{"timestamp":"2026-08-08T18:49:06.968571","level":"info","event":"Rows affected: 1","logger":"airflow.task.hooks.airflow.providers.snowflake.hooks.snowflake.SnowflakeHook"}
{"timestamp":"2026-08-08T18:49:06.970052","level":"info","event":"Rows affected: 1","logger":"airflow.task.hooks.airflow.providers.snowflake.hooks.snowflake.SnowflakeHook"}
{"timestamp":"2026-08-08T18:49:06.970191","level":"info","event":"Snowflake query id: 01c64209-000d-e4c4-0001-8a7e0005f27e","logger":"airflow.task.hooks.airflow.providers.snowflake.hooks.snowflake.SnowflakeHook"}
{"timestamp":"2026-08-08T18:49:06.970304","level":"info","event":"Running statement: COPY INTO ZOMATO.RAW.menu        FROM @ZOMATO.RAW.ZOMATO_RAW_STAGE/menu/         ON_ERROR='CONTINUE', parameters: None","logger":"airflow.task.hooks.airflow.providers.snowflake.hooks.snowflake.SnowflakeHook"}
{"timestamp":"2026-08-08T18:49:06.970436","level":"info","event":"Running statement: COPY INTO ZOMATO.RAW.menu        FROM @ZOMATO.RAW.ZOMATO_RAW_STAGE/menu/         ON_ERROR='CONTINUE', parameters: None","logger":"airflow.task.hooks.airflow.providers.snowflake.hooks.snowflake.SnowflakeHook"}
{"timestamp":"2026-08-08T18:49:07.954844","level":"info","event":"Rows affected: 1","logger":"airflow.task.hooks.airflow.providers.snowflake.hooks.snowflake.SnowflakeHook"}
{"timestamp":"2026-08-08T18:49:07.955081","level":"info","event":"Rows affected: 1","logger":"airflow.task.hooks.airflow.providers.snowflake.hooks.snowflake.SnowflakeHook"}
{"timestamp":"2026-08-08T18:49:07.955128","level":"info","event":"Snowflake query id: 01c64209-000d-e4c5-0001-8a7e0005e2a6","logger":"airflow.task.hooks.airflow.providers.snowflake.hooks.snowflake.SnowflakeHook"}
{"timestamp":"2026-08-08T18:49:07.955182","level":"info","event":"Running statement: COPY INTO ZOMATO.RAW.orders      FROM @ZOMATO.RAW.ZOMATO_RAW_STAGE/orders/, parameters: None","logger":"airflow.task.hooks.airflow.providers.snowflake.hooks.snowflake.SnowflakeHook"}
{"timestamp":"2026-08-08T18:49:07.955226","level":"info","event":"Running statement: COPY INTO ZOMATO.RAW.orders      FROM @ZOMATO.RAW.ZOMATO_RAW_STAGE/orders/, parameters: None","logger":"airflow.task.hooks.airflow.providers.snowflake.hooks.snowflake.SnowflakeHook"}
{"timestamp":"2026-08-08T18:49:08.561248","level":"info","event":"Rows affected: 1","logger":"airflow.task.hooks.airflow.providers.snowflake.hooks.snowflake.SnowflakeHook"}
{"timestamp":"2026-08-08T18:49:08.562432","level":"info","event":"Rows affected: 1","logger":"airflow.task.hooks.airflow.providers.snowflake.hooks.snowflake.SnowflakeHook"}
{"timestamp":"2026-08-08T18:49:08.562588","level":"info","event":"Snowflake query id: 01c64209-000d-e4c5-0001-8a7e0005e2aa","logger":"airflow.task.hooks.airflow.providers.snowflake.hooks.snowflake.SnowflakeHook"}
{"timestamp":"2026-08-08T18:49:08.562708","level":"info","event":"Running statement: COPY INTO ZOMATO.RAW.order_items FROM @ZOMATO.RAW.ZOMATO_RAW_STAGE/order_items/, parameters: None","logger":"airflow.task.hooks.airflow.providers.snowflake.hooks.snowflake.SnowflakeHook"}
{"timestamp":"2026-08-08T18:49:08.562781","level":"info","event":"Running statement: COPY INTO ZOMATO.RAW.order_items FROM @ZOMATO.RAW.ZOMATO_RAW_STAGE/order_items/, parameters: None","logger":"airflow.task.hooks.airflow.providers.snowflake.hooks.snowflake.SnowflakeHook"}
{"timestamp":"2026-08-08T18:49:09.174625","level":"info","event":"Rows affected: 1","logger":"airflow.task.hooks.airflow.providers.snowflake.hooks.snowflake.SnowflakeHook"}
{"timestamp":"2026-08-08T18:49:09.175233","level":"info","event":"Rows affected: 1","logger":"airflow.task.hooks.airflow.providers.snowflake.hooks.snowflake.SnowflakeHook"}
{"timestamp":"2026-08-08T18:49:09.175313","level":"info","event":"Snowflake query id: 01c64209-000d-e4de-0001-8a7e00063132","logger":"airflow.task.hooks.airflow.providers.snowflake.hooks.snowflake.SnowflakeHook"}
{"timestamp":"2026-08-08T18:49:09.175357","level":"info","event":"Running statement: COPY INTO ZOMATO.RAW.reviews     FROM @ZOMATO.RAW.ZOMATO_RAW_STAGE/reviews/, parameters: None","logger":"airflow.task.hooks.airflow.providers.snowflake.hooks.snowflake.SnowflakeHook"}
{"timestamp":"2026-08-08T18:49:09.175405","level":"info","event":"Running statement: COPY INTO ZOMATO.RAW.reviews     FROM @ZOMATO.RAW.ZOMATO_RAW_STAGE/reviews/, parameters: None","logger":"airflow.task.hooks.airflow.providers.snowflake.hooks.snowflake.SnowflakeHook"}
{"timestamp":"2026-08-08T18:49:09.787183","level":"info","event":"Rows affected: 1","logger":"airflow.task.hooks.airflow.providers.snowflake.hooks.snowflake.SnowflakeHook"}
{"timestamp":"2026-08-08T18:49:09.787674","level":"info","event":"Rows affected: 1","logger":"airflow.task.hooks.airflow.providers.snowflake.hooks.snowflake.SnowflakeHook"}
{"timestamp":"2026-08-08T18:49:09.787776","level":"info","event":"Snowflake query id: 01c64209-000d-e4c5-0001-8a7e0005e2ae","logger":"airflow.task.hooks.airflow.providers.snowflake.hooks.snowflake.SnowflakeHook"}
{"timestamp":"2026-08-08T18:49:10.031007","level":"info","event":"result: [[('Statement executed successfully.',)], [('Copy executed with 0 files processed.',)], [('Copy executed with 0 files processed.',)], [('Copy executed with 0 files processed.',)], [('Copy executed with 0 files processed.',)], [('Copy executed with 0 files processed.',)], [('Copy executed with 0 files processed.',)], [('Copy executed with 0 files processed.',)]]","logger":"airflow.task.operators.airflow.providers.common.sql.operators.sql.SQLExecuteQueryOperator"}
{"timestamp":"2026-08-08T18:49:10.034411","level":"info","event":"Pushing xcom","ti":"RuntimeTaskInstance(id=UUID('019fe2b4-f0ea-743d-b0a4-0494936f6f1d'), task_id='reload_raw', dag_id='zomato_batch', run_id='manual__2026-08-08T18:48:56.755091+00:00', try_number=1, map_index=-1, hostname='a9ce8aedf08a', context_carrier=None, task=<Task(SQLExecuteQueryOperator): reload_raw>, bundle_instance=LocalDagBundle(name=dags-folder), max_tries=0, start_date=datetime.datetime(2026, 8, 8, 18, 48, 58, 60297, tzinfo=datetime.timezone.utc), end_date=None, state=<TaskInstanceState.RUNNING: 'running'>, is_mapped=False, rendered_map_index=None, log_url='http://localhost:8080/dags/zomato_batch/runs/manual__2026-08-08T18%3A48%3A56.755091%2B00%3A00/tasks/reload_raw?try_number=1')","logger":"task"}
