{"timestamp":"2026-08-09T00:41:34.098152","level":"info","event":"DAG bundles loaded: dags-folder","logger":"airflow.dag_processing.bundles.manager.DagBundlesManager"}
{"timestamp":"2026-08-09T00:41:34.099145","level":"info","event":"Filling up the DagBag from /opt/airflow/dags/zomato_batch.py","logger":"airflow.models.dagbag.DagBag"}
{"timestamp":"2026-08-09T00:41:34.328326","level":"info","event":"Tmp dir root location: /tmp","logger":"airflow.task.hooks.airflow.providers.standard.hooks.subprocess.SubprocessHook"}
{"timestamp":"2026-08-09T00:41:34.331068","level":"info","event":"Running command: ['/usr/bin/bash', '-c', '/opt/airflow/dbt_venv/bin/dbt build --exclude tag:ai --project-dir /opt/airflow/dbt/zomato --profiles-dir /opt/airflow/dbt/zomato']","logger":"airflow.task.hooks.airflow.providers.standard.hooks.subprocess.SubprocessHook"}
{"timestamp":"2026-08-09T00:41:34.341491","level":"info","event":"Output:","logger":"airflow.task.hooks.airflow.providers.standard.hooks.subprocess.SubprocessHook"}
{"timestamp":"2026-08-09T00:41:36.418574","level":"info","event":"\u001b[0m00:41:36  Running with dbt=1.12.0","logger":"airflow.task.hooks.airflow.providers.standard.hooks.subprocess.SubprocessHook"}
{"timestamp":"2026-08-09T00:41:36.998771","level":"info","event":"\u001b[0m00:41:36  Registered adapter: snowflake=1.8.4","logger":"airflow.task.hooks.airflow.providers.standard.hooks.subprocess.SubprocessHook"}
{"timestamp":"2026-08-09T00:41:37.240269","level":"info","event":"\u001b[0m00:41:37  [\u001b[33mWARNING\u001b[0m]: Configuration paths exist in your dbt_project.yml file which do not apply to any resources.","logger":"airflow.task.hooks.airflow.providers.standard.hooks.subprocess.SubprocessHook"}
{"timestamp":"2026-08-09T00:41:37.240426","level":"info","event":"There are 1 unused configuration paths:","logger":"airflow.task.hooks.airflow.providers.standard.hooks.subprocess.SubprocessHook"}
{"timestamp":"2026-08-09T00:41:37.240479","level":"info","event":"- models.snapshot.zomato","logger":"airflow.task.hooks.airflow.providers.standard.hooks.subprocess.SubprocessHook"}
{"timestamp":"2026-08-09T00:41:37.425203","level":"info","event":"\u001b[0m00:41:37  Found 16 models, 15 data tests, 8 sources, 506 macros","logger":"airflow.task.hooks.airflow.providers.standard.hooks.subprocess.SubprocessHook"}
{"timestamp":"2026-08-09T00:41:37.428563","level":"info","event":"\u001b[0m00:41:37","logger":"airflow.task.hooks.airflow.providers.standard.hooks.subprocess.SubprocessHook"}
{"timestamp":"2026-08-09T00:41:37.428997","level":"info","event":"\u001b[0m00:41:37  Concurrency: 8 threads (target='dev')","logger":"airflow.task.hooks.airflow.providers.standard.hooks.subprocess.SubprocessHook"}
{"timestamp":"2026-08-09T00:41:37.429379","level":"info","event":"\u001b[0m00:41:37","logger":"airflow.task.hooks.airflow.providers.standard.hooks.subprocess.SubprocessHook"}
{"timestamp":"2026-08-09T00:41:43.684182","level":"info","event":"\u001b[0m00:41:43  1 of 30 START sql table model marts.dim_date ................................... [RUN]","logger":"airflow.task.hooks.airflow.providers.standard.hooks.subprocess.SubprocessHook"}
{"timestamp":"2026-08-09T00:41:43.685235","level":"info","event":"\u001b[0m00:41:43  2 of 30 START sql view model staging.stg_food .................................. [RUN]","logger":"airflow.task.hooks.airflow.providers.standard.hooks.subprocess.SubprocessHook"}
{"timestamp":"2026-08-09T00:41:43.686606","level":"info","event":"\u001b[0m00:41:43  3 of 30 START sql view model staging.stg_menu .................................. [RUN]","logger":"airflow.task.hooks.airflow.providers.standard.hooks.subprocess.SubprocessHook"}
{"timestamp":"2026-08-09T00:41:43.687561","level":"info","event":"\u001b[0m00:41:43  4 of 30 START sql view model staging.stg_order_items ........................... [RUN]","logger":"airflow.task.hooks.airflow.providers.standard.hooks.subprocess.SubprocessHook"}
{"timestamp":"2026-08-09T00:41:43.688232","level":"info","event":"\u001b[0m00:41:43  5 of 30 START sql view model staging.stg_orders ................................ [RUN]","logger":"airflow.task.hooks.airflow.providers.standard.hooks.subprocess.SubprocessHook"}
{"timestamp":"2026-08-09T00:41:43.689796","level":"info","event":"\u001b[0m00:41:43  6 of 30 START sql view model staging.stg_restaurants ........................... [RUN]","logger":"airflow.task.hooks.airflow.providers.standard.hooks.subprocess.SubprocessHook"}
{"timestamp":"2026-08-09T00:41:43.690436","level":"info","event":"\u001b[0m00:41:43  7 of 30 START sql view model staging.stg_users ................................. [RUN]","logger":"airflow.task.hooks.airflow.providers.standard.hooks.subprocess.SubprocessHook"}
{"timestamp":"2026-08-09T00:41:44.817460","level":"info","event":"\u001b[0m00:41:44  4 of 30 OK created sql view model staging.stg_order_items ...................... [\u001b[32mSUCCESS 1\u001b[0m in 1.12s]","logger":"airflow.task.hooks.airflow.providers.standard.hooks.subprocess.SubprocessHook"}
{"timestamp":"2026-08-09T00:41:44.820282","level":"info","event":"\u001b[0m00:41:44  8 of 30 START test not_null_stg_order_items_order_item_id ...................... [RUN]","logger":"airflow.task.hooks.airflow.providers.standard.hooks.subprocess.SubprocessHook"}
{"timestamp":"2026-08-09T00:41:44.820898","level":"info","event":"\u001b[0m00:41:44  9 of 30 START test unique_stg_order_items_order_item_id ........................ [RUN]","logger":"airflow.task.hooks.airflow.providers.standard.hooks.subprocess.SubprocessHook"}
{"timestamp":"2026-08-09T00:41:44.845376","level":"info","event":"\u001b[0m00:41:44  7 of 30 OK created sql view model staging.stg_users ............................ [\u001b[32mSUCCESS 1\u001b[0m in 1.15s]","logger":"airflow.task.hooks.airflow.providers.standard.hooks.subprocess.SubprocessHook"}
{"timestamp":"2026-08-09T00:41:44.879350","level":"info","event":"\u001b[0m00:41:44  10 of 30 START test not_null_stg_users_customer_id ............................. [RUN]","logger":"airflow.task.hooks.airflow.providers.standard.hooks.subprocess.SubprocessHook"}
{"timestamp":"2026-08-09T00:41:45.037523","level":"info","event":"\u001b[0m00:41:45  2 of 30 OK created sql view model staging.stg_food ............................. [\u001b[32mSUCCESS 1\u001b[0m in 1.34s]","logger":"airflow.task.hooks.airflow.providers.standard.hooks.subprocess.SubprocessHook"}
{"timestamp":"2026-08-09T00:41:45.042129","level":"info","event":"\u001b[0m00:41:45  3 of 30 OK created sql view model staging.stg_menu ............................. [\u001b[32mSUCCESS 1\u001b[0m in 1.34s]","logger":"airflow.task.hooks.airflow.providers.standard.hooks.subprocess.SubprocessHook"}
{"timestamp":"2026-08-09T00:41:45.082375","level":"info","event":"\u001b[0m00:41:45  11 of 30 START test unique_stg_users_customer_id ............................... [RUN]","logger":"airflow.task.hooks.airflow.providers.standard.hooks.subprocess.SubprocessHook"}
{"timestamp":"2026-08-09T00:41:45.084670","level":"info","event":"\u001b[0m00:41:45  12 of 30 START sql table model marts.dim_food .................................. [RUN]","logger":"airflow.task.hooks.airflow.providers.standard.hooks.subprocess.SubprocessHook"}
{"timestamp":"2026-08-09T00:41:45.151649","level":"info","event":"\u001b[0m00:41:45  6 of 30 OK created sql view model staging.stg_restaurants ...................... [\u001b[32mSUCCESS 1\u001b[0m in 1.45s]","logger":"airflow.task.hooks.airflow.providers.standard.hooks.subprocess.SubprocessHook"}
{"timestamp":"2026-08-09T00:41:45.168510","level":"info","event":"\u001b[0m00:41:45  1 of 30 OK created sql table model marts.dim_date .............................. [\u001b[32mSUCCESS 1\u001b[0m in 1.48s]","logger":"airflow.task.hooks.airflow.providers.standard.hooks.subprocess.SubprocessHook"}
{"timestamp":"2026-08-09T00:41:45.181387","level":"info","event":"\u001b[0m00:41:45  13 of 30 START test not_null_stg_restaurants_restaurant_id ..................... [RUN]","logger":"airflow.task.hooks.airflow.providers.standard.hooks.subprocess.SubprocessHook"}
{"timestamp":"2026-08-09T00:41:45.186654","level":"info","event":"\u001b[0m00:41:45  5 of 30 OK created sql view model staging.stg_orders ........................... [\u001b[32mSUCCESS 1\u001b[0m in 1.48s]","logger":"airflow.task.hooks.airflow.providers.standard.hooks.subprocess.SubprocessHook"}
{"timestamp":"2026-08-09T00:41:45.192037","level":"info","event":"\u001b[0m00:41:45  14 of 30 START test unique_stg_restaurants_restaurant_id ....................... [RUN]","logger":"airflow.task.hooks.airflow.providers.standard.hooks.subprocess.SubprocessHook"}
{"timestamp":"2026-08-09T00:41:45.200927","level":"info","event":"\u001b[0m00:41:45  15 of 30 START test not_null_stg_orders_customer_id ............................ [RUN]","logger":"airflow.task.hooks.airflow.providers.standard.hooks.subprocess.SubprocessHook"}
{"timestamp":"2026-08-09T00:41:45.990186","level":"info","event":"\u001b[0m00:41:45  10 of 30 PASS not_null_stg_users_customer_id ................................... [\u001b[32mPASS\u001b[0m in 1.11s]","logger":"airflow.task.hooks.airflow.providers.standard.hooks.subprocess.SubprocessHook"}
{"timestamp":"2026-08-09T00:41:45.992572","level":"info","event":"\u001b[0m00:41:45  16 of 30 START test not_null_stg_orders_order_id ............................... [RUN]","logger":"airflow.task.hooks.airflow.providers.standard.hooks.subprocess.SubprocessHook"}
{"timestamp":"2026-08-09T00:41:46.160225","level":"info","event":"\u001b[0m00:41:46  13 of 30 PASS not_null_stg_restaurants_restaurant_id ........................... [\u001b[32mPASS\u001b[0m in 0.97s]","logger":"airflow.task.hooks.airflow.providers.standard.hooks.subprocess.SubprocessHook"}
{"timestamp":"2026-08-09T00:41:46.164627","level":"info","event":"\u001b[0m00:41:46  17 of 30 START test not_null_stg_orders_restaurant_id .......................... [RUN]","logger":"airflow.task.hooks.airflow.providers.standard.hooks.subprocess.SubprocessHook"}
{"timestamp":"2026-08-09T00:41:46.255712","level":"info","event":"\u001b[0m00:41:46  8 of 30 PASS not_null_stg_order_items_order_item_id ............................ [\u001b[32mPASS\u001b[0m in 1.43s]","logger":"airflow.task.hooks.airflow.providers.standard.hooks.subprocess.SubprocessHook"}
{"timestamp":"2026-08-09T00:41:46.257179","level":"info","event":"\u001b[0m00:41:46  18 of 30 START test unique_stg_orders_order_id ................................. [RUN]","logger":"airflow.task.hooks.airflow.providers.standard.hooks.subprocess.SubprocessHook"}
{"timestamp":"2026-08-09T00:41:46.304826","level":"info","event":"\u001b[0m00:41:46  11 of 30 PASS unique_stg_users_customer_id ..................................... [\u001b[32mPASS\u001b[0m in 1.22s]","logger":"airflow.task.hooks.airflow.providers.standard.hooks.subprocess.SubprocessHook"}
{"timestamp":"2026-08-09T00:41:46.337536","level":"info","event":"\u001b[0m00:41:46  14 of 30 PASS unique_stg_restaurants_restaurant_id ............................. [\u001b[32mPASS\u001b[0m in 1.14s]","logger":"airflow.task.hooks.airflow.providers.standard.hooks.subprocess.SubprocessHook"}
{"timestamp":"2026-08-09T00:41:46.339592","level":"info","event":"\u001b[0m00:41:46  19 of 30 START sql table model marts.dim_restaurants ........................... [RUN]","logger":"airflow.task.hooks.airflow.providers.standard.hooks.subprocess.SubprocessHook"}
{"timestamp":"2026-08-09T00:41:46.340179","level":"info","event":"\u001b[0m00:41:46  20 of 30 START sql view model staging.stg_reviews .............................. [RUN]","logger":"airflow.task.hooks.airflow.providers.standard.hooks.subprocess.SubprocessHook"}
{"timestamp":"2026-08-09T00:41:46.392398","level":"info","event":"\u001b[0m00:41:46  15 of 30 PASS not_null_stg_orders_customer_id .................................. [\u001b[32mPASS\u001b[0m in 1.18s]","logger":"airflow.task.hooks.airflow.providers.standard.hooks.subprocess.SubprocessHook"}
{"timestamp":"2026-08-09T00:41:46.435994","level":"info","event":"\u001b[0m00:41:46  9 of 30 PASS unique_stg_order_items_order_item_id .............................. [\u001b[32mPASS\u001b[0m in 1.61s]","logger":"airflow.task.hooks.airflow.providers.standard.hooks.subprocess.SubprocessHook"}
{"timestamp":"2026-08-09T00:41:46.821198","level":"info","event":"\u001b[0m00:41:46  16 of 30 PASS not_null_stg_orders_order_id ..................................... [\u001b[32mPASS\u001b[0m in 0.83s]","logger":"airflow.task.hooks.airflow.providers.standard.hooks.subprocess.SubprocessHook"}
{"timestamp":"2026-08-09T00:41:46.973603","level":"info","event":"\u001b[0m00:41:46  12 of 30 OK created sql table model marts.dim_food ............................. [\u001b[32mSUCCESS 1\u001b[0m in 1.88s]","logger":"airflow.task.hooks.airflow.providers.standard.hooks.subprocess.SubprocessHook"}
{"timestamp":"2026-08-09T00:41:46.980657","level":"info","event":"\u001b[0m00:41:46  17 of 30 PASS not_null_stg_orders_restaurant_id ................................ [\u001b[32mPASS\u001b[0m in 0.82s]","logger":"airflow.task.hooks.airflow.providers.standard.hooks.subprocess.SubprocessHook"}
{"timestamp":"2026-08-09T00:41:47.273701","level":"info","event":"\u001b[0m00:41:47  20 of 30 OK created sql view model staging.stg_reviews ......................... [\u001b[32mSUCCESS 1\u001b[0m in 0.93s]","logger":"airflow.task.hooks.airflow.providers.standard.hooks.subprocess.SubprocessHook"}
{"timestamp":"2026-08-09T00:41:47.280397","level":"info","event":"\u001b[0m00:41:47  21 of 30 START test not_null_stg_reviews_review_id ............................. [RUN]","logger":"airflow.task.hooks.airflow.providers.standard.hooks.subprocess.SubprocessHook"}
{"timestamp":"2026-08-09T00:41:47.281188","level":"info","event":"\u001b[0m00:41:47  22 of 30 START test unique_stg_reviews_review_id ............................... [RUN]","logger":"airflow.task.hooks.airflow.providers.standard.hooks.subprocess.SubprocessHook"}
{"timestamp":"2026-08-09T00:41:47.419954","level":"info","event":"\u001b[0m00:41:47  18 of 30 PASS unique_stg_orders_order_id ....................................... [\u001b[32mPASS\u001b[0m in 1.16s]","logger":"airflow.task.hooks.airflow.providers.standard.hooks.subprocess.SubprocessHook"}
{"timestamp":"2026-08-09T00:41:47.422681","level":"info","event":"\u001b[0m00:41:47  23 of 30 START sql incremental model marts.fct_order_items ..................... [RUN]","logger":"airflow.task.hooks.airflow.providers.standard.hooks.subprocess.SubprocessHook"}
{"timestamp":"2026-08-09T00:41:47.423447","level":"info","event":"\u001b[0m00:41:47  24 of 30 START sql incremental model marts.fct_orders .......................... [RUN]","logger":"airflow.task.hooks.airflow.providers.standard.hooks.subprocess.SubprocessHook"}
{"timestamp":"2026-08-09T00:41:47.797223","level":"info","event":"\u001b[0m00:41:47  19 of 30 OK created sql table model marts.dim_restaurants ...................... [\u001b[32mSUCCESS 1\u001b[0m in 1.45s]","logger":"airflow.task.hooks.airflow.providers.standard.hooks.subprocess.SubprocessHook"}
{"timestamp":"2026-08-09T00:41:48.241690","level":"info","event":"\u001b[0m00:41:48  21 of 30 PASS not_null_stg_reviews_review_id ................................... [\u001b[32mPASS\u001b[0m in 0.96s]","logger":"airflow.task.hooks.airflow.providers.standard.hooks.subprocess.SubprocessHook"}
{"timestamp":"2026-08-09T00:41:48.621338","level":"info","event":"\u001b[0m00:41:48  22 of 30 PASS unique_stg_reviews_review_id ..................................... [\u001b[32mPASS\u001b[0m in 1.34s]","logger":"airflow.task.hooks.airflow.providers.standard.hooks.subprocess.SubprocessHook"}
{"timestamp":"2026-08-09T00:41:50.053495","level":"info","event":"\u001b[0m00:41:50  24 of 30 OK created sql incremental model marts.fct_orders ..................... [\u001b[32mSUCCESS 0\u001b[0m in 2.63s]","logger":"airflow.task.hooks.airflow.providers.standard.hooks.subprocess.SubprocessHook"}
{"timestamp":"2026-08-09T00:41:50.058921","level":"info","event":"\u001b[0m00:41:50  25 of 30 START test accepted_values_fct_orders_order_status__Delivered__Cancelled__Refunded  [RUN]","logger":"airflow.task.hooks.airflow.providers.standard.hooks.subprocess.SubprocessHook"}
{"timestamp":"2026-08-09T00:41:50.061107","level":"info","event":"\u001b[0m00:41:50  26 of 30 START test not_null_fct_orders_order_id ............................... [RUN]","logger":"airflow.task.hooks.airflow.providers.standard.hooks.subprocess.SubprocessHook"}
{"timestamp":"2026-08-09T00:41:50.062323","level":"info","event":"\u001b[0m00:41:50  27 of 30 START test unique_fct_orders_order_id ................................. [RUN]","logger":"airflow.task.hooks.airflow.providers.standard.hooks.subprocess.SubprocessHook"}
{"timestamp":"2026-08-09T00:41:50.101591","level":"info","event":"\u001b[0m00:41:50  23 of 30 OK created sql incremental model marts.fct_order_items ................ [\u001b[32mSUCCESS 0\u001b[0m in 2.68s]","logger":"airflow.task.hooks.airflow.providers.standard.hooks.subprocess.SubprocessHook"}
{"timestamp":"2026-08-09T00:41:50.930297","level":"info","event":"\u001b[0m00:41:50  25 of 30 PASS accepted_values_fct_orders_order_status__Delivered__Cancelled__Refunded  [\u001b[32mPASS\u001b[0m in 0.87s]","logger":"airflow.task.hooks.airflow.providers.standard.hooks.subprocess.SubprocessHook"}
{"timestamp":"2026-08-09T00:41:50.938695","level":"info","event":"\u001b[0m00:41:50  27 of 30 PASS unique_fct_orders_order_id ....................................... [\u001b[32mPASS\u001b[0m in 0.87s]","logger":"airflow.task.hooks.airflow.providers.standard.hooks.subprocess.SubprocessHook"}
{"timestamp":"2026-08-09T00:41:50.979961","level":"info","event":"\u001b[0m00:41:50  26 of 30 PASS not_null_fct_orders_order_id ..................................... [\u001b[32mPASS\u001b[0m in 0.92s]","logger":"airflow.task.hooks.airflow.providers.standard.hooks.subprocess.SubprocessHook"}
{"timestamp":"2026-08-09T00:41:50.983778","level":"info","event":"\u001b[0m00:41:50  28 of 30 START sql table model marts.mart_daily_city_revenue ................... [RUN]","logger":"airflow.task.hooks.airflow.providers.standard.hooks.subprocess.SubprocessHook"}
{"timestamp":"2026-08-09T00:41:50.984379","level":"info","event":"\u001b[0m00:41:50  29 of 30 START sql table model marts.mart_delivery_sla ......................... [RUN]","logger":"airflow.task.hooks.airflow.providers.standard.hooks.subprocess.SubprocessHook"}
{"timestamp":"2026-08-09T00:41:50.984980","level":"info","event":"\u001b[0m00:41:50  30 of 30 START sql table model marts.mart_restaurant_performance ............... [RUN]","logger":"airflow.task.hooks.airflow.providers.standard.hooks.subprocess.SubprocessHook"}
{"timestamp":"2026-08-09T00:41:53.401289","level":"info","event":"\u001b[0m00:41:53  28 of 30 OK created sql table model marts.mart_daily_city_revenue .............. [\u001b[32mSUCCESS 1\u001b[0m in 2.39s]","logger":"airflow.task.hooks.airflow.providers.standard.hooks.subprocess.SubprocessHook"}
{"timestamp":"2026-08-09T00:41:53.613152","level":"info","event":"\u001b[0m00:41:53  29 of 30 OK created sql table model marts.mart_delivery_sla .................... [\u001b[32mSUCCESS 1\u001b[0m in 2.62s]","logger":"airflow.task.hooks.airflow.providers.standard.hooks.subprocess.SubprocessHook"}
{"timestamp":"2026-08-09T00:41:53.697146","level":"info","event":"\u001b[0m00:41:53  30 of 30 OK created sql table model marts.mart_restaurant_performance .......... [\u001b[32mSUCCESS 1\u001b[0m in 2.71s]","logger":"airflow.task.hooks.airflow.providers.standard.hooks.subprocess.SubprocessHook"}
{"timestamp":"2026-08-09T00:41:53.719423","level":"info","event":"\u001b[0m00:41:53","logger":"airflow.task.hooks.airflow.providers.standard.hooks.subprocess.SubprocessHook"}
{"timestamp":"2026-08-09T00:41:53.720076","level":"info","event":"\u001b[0m00:41:53  Finished running 2 incremental models, 6 table models, 15 data tests, 7 view models in 0 hours 0 minutes and 16.29 seconds (16.29s).","logger":"airflow.task.hooks.airflow.providers.standard.hooks.subprocess.SubprocessHook"}
{"timestamp":"2026-08-09T00:41:53.802773","level":"info","event":"\u001b[0m00:41:53","logger":"airflow.task.hooks.airflow.providers.standard.hooks.subprocess.SubprocessHook"}
{"timestamp":"2026-08-09T00:41:53.803241","level":"info","event":"\u001b[0m00:41:53  \u001b[32mCompleted successfully\u001b[0m","logger":"airflow.task.hooks.airflow.providers.standard.hooks.subprocess.SubprocessHook"}
{"timestamp":"2026-08-09T00:41:53.803717","level":"info","event":"\u001b[0m00:41:53","logger":"airflow.task.hooks.airflow.providers.standard.hooks.subprocess.SubprocessHook"}
{"timestamp":"2026-08-09T00:41:53.804230","level":"info","event":"\u001b[0m00:41:53  Done. PASS=30 WARN=0 ERROR=0 SKIP=0 NO-OP=0 REUSED=0 TOTAL=30","logger":"airflow.task.hooks.airflow.providers.standard.hooks.subprocess.SubprocessHook"}
{"timestamp":"2026-08-09T00:41:59.859990","level":"info","event":"Command exited with return code 0","logger":"airflow.task.hooks.airflow.providers.standard.hooks.subprocess.SubprocessHook"}
{"timestamp":"2026-08-09T00:41:59.865617","level":"info","event":"Pushing xcom","ti":"RuntimeTaskInstance(id=UUID('019fe3f7-9671-79fd-85a6-fb21049b677c'), task_id='dbt_build_core', dag_id='zomato_batch', run_id='scheduled__2026-08-09T00:00:00+00:00', try_number=1, map_index=-1, hostname='a9ce8aedf08a', context_carrier=None, task=<Task(BashOperator): dbt_build_core>, bundle_instance=LocalDagBundle(name=dags-folder), max_tries=0, start_date=datetime.datetime(2026, 8, 9, 0, 41, 33, 683605, tzinfo=datetime.timezone.utc), end_date=None, state=<TaskInstanceState.RUNNING: 'running'>, is_mapped=False, rendered_map_index=None, log_url='http://localhost:8080/dags/zomato_batch/runs/scheduled__2026-08-09T00%3A00%3A00%2B00%3A00/tasks/dbt_build_core?try_number=1')","logger":"task"}
