{"timestamp":"2026-08-08T18:32:01.246243","level":"info","event":"DAG bundles loaded: dags-folder","logger":"airflow.dag_processing.bundles.manager.DagBundlesManager"}
{"timestamp":"2026-08-08T18:32:01.247608","level":"info","event":"Filling up the DagBag from /opt/airflow/dags/zomato_batch.py","logger":"airflow.models.dagbag.DagBag"}
{"timestamp":"2026-08-08T18:32:01.363107","level":"info","event":"Tmp dir root location: /tmp","logger":"airflow.task.hooks.airflow.providers.standard.hooks.subprocess.SubprocessHook"}
{"timestamp":"2026-08-08T18:32:01.364600","level":"info","event":"Running command: ['/usr/bin/bash', '-c', 'python /opt/airflow/ai/enrich_reviews.py']","logger":"airflow.task.hooks.airflow.providers.standard.hooks.subprocess.SubprocessHook"}
{"timestamp":"2026-08-08T18:32:01.374267","level":"info","event":"Output:","logger":"airflow.task.hooks.airflow.providers.standard.hooks.subprocess.SubprocessHook"}
{"timestamp":"2026-08-08T18:32:08.914181","level":"info","event":"Enriching 10 reviews...","logger":"airflow.task.hooks.airflow.providers.standard.hooks.subprocess.SubprocessHook"}
{"timestamp":"2026-08-08T18:32:08.918746","level":"info","event":"Classifying review 16: Great eco-friendly packaging.","logger":"airflow.task.hooks.airflow.providers.standard.hooks.subprocess.SubprocessHook"}
{"timestamp":"2026-08-08T18:32:08.918861","level":"info","event":"Labels for review 16: {'sentiment_label': 'positive', 'sentiment_score': 0.8, 'topic': 'packaging', 'key_issue': None}","logger":"airflow.task.hooks.airflow.providers.standard.hooks.subprocess.SubprocessHook"}
{"timestamp":"2026-08-08T18:32:08.918967","level":"info","event":"Classifying review 17: Gravy spilled all over the bag.","logger":"airflow.task.hooks.airflow.providers.standard.hooks.subprocess.SubprocessHook"}
{"timestamp":"2026-08-08T18:32:08.919052","level":"info","event":"Labels for review 17: {'sentiment_label': 'negative', 'sentiment_score': -0.8, 'topic': 'packaging', 'key_issue': 'spilled gravy'}","logger":"airflow.task.hooks.airflow.providers.standard.hooks.subprocess.SubprocessHook"}
{"timestamp":"2026-08-08T18:32:08.919223","level":"info","event":"Classifying review 18: Fine, would maybe order again.","logger":"airflow.task.hooks.airflow.providers.standard.hooks.subprocess.SubprocessHook"}
{"timestamp":"2026-08-08T18:32:08.919304","level":"info","event":"Labels for review 18: {'sentiment_label': 'neutral', 'sentiment_score': 0.2, 'topic': 'other', 'key_issue': None}","logger":"airflow.task.hooks.airflow.providers.standard.hooks.subprocess.SubprocessHook"}
{"timestamp":"2026-08-08T18:32:08.919399","level":"info","event":"Classifying review 19: One of the best meals i've ordered. Totally worth every rupee.","logger":"airflow.task.hooks.airflow.providers.standard.hooks.subprocess.SubprocessHook"}
{"timestamp":"2026-08-08T18:32:08.919491","level":"info","event":"Labels for review 19: {'sentiment_label': 'positive', 'sentiment_score': 0.95, 'topic': 'food quality', 'key_issue': None}","logger":"airflow.task.hooks.airflow.providers.standard.hooks.subprocess.SubprocessHook"}
{"timestamp":"2026-08-08T18:32:08.919588","level":"info","event":"Classifying review 20: Oily, stale and tasteless. Gravy spilled all over the bag.","logger":"airflow.task.hooks.airflow.providers.standard.hooks.subprocess.SubprocessHook"}
{"timestamp":"2026-08-08T18:32:08.919710","level":"info","event":"Labels for review 20: {'sentiment_label': 'negative', 'sentiment_score': -0.9, 'topic': 'food quality', 'key_issue': 'stale food'}","logger":"airflow.task.hooks.airflow.providers.standard.hooks.subprocess.SubprocessHook"}
{"timestamp":"2026-08-08T18:32:08.919811","level":"info","event":"Classifying review 21: Great value for the price. One of the best meals i've ordered.","logger":"airflow.task.hooks.airflow.providers.standard.hooks.subprocess.SubprocessHook"}
{"timestamp":"2026-08-08T18:32:08.919889","level":"info","event":"Labels for review 21: {'sentiment_label': 'positive', 'sentiment_score': 0.9, 'topic': 'food quality', 'key_issue': None}","logger":"airflow.task.hooks.airflow.providers.standard.hooks.subprocess.SubprocessHook"}
{"timestamp":"2026-08-08T18:32:08.919939","level":"info","event":"Classifying review 22: Arrived earlier than expected. Totally worth every rupee.","logger":"airflow.task.hooks.airflow.providers.standard.hooks.subprocess.SubprocessHook"}
{"timestamp":"2026-08-08T18:32:08.920059","level":"info","event":"Labels for review 22: {'sentiment_label': 'positive', 'sentiment_score': 0.9, 'topic': 'delivery', 'key_issue': None}","logger":"airflow.task.hooks.airflow.providers.standard.hooks.subprocess.SubprocessHook"}
{"timestamp":"2026-08-08T18:32:08.920133","level":"info","event":"Classifying review 23: The food was absolutely delicious.","logger":"airflow.task.hooks.airflow.providers.standard.hooks.subprocess.SubprocessHook"}
{"timestamp":"2026-08-08T18:32:08.920207","level":"info","event":"Labels for review 23: {'sentiment_label': 'positive', 'sentiment_score': 0.95, 'topic': 'food quality', 'key_issue': None}","logger":"airflow.task.hooks.airflow.providers.standard.hooks.subprocess.SubprocessHook"}
{"timestamp":"2026-08-08T18:32:08.920299","level":"info","event":"Classifying review 24: One of the best meals i've ordered.","logger":"airflow.task.hooks.airflow.providers.standard.hooks.subprocess.SubprocessHook"}
{"timestamp":"2026-08-08T18:32:08.920686","level":"info","event":"Labels for review 24: {'sentiment_label': 'positive', 'sentiment_score': 0.95, 'topic': 'food quality', 'key_issue': None}","logger":"airflow.task.hooks.airflow.providers.standard.hooks.subprocess.SubprocessHook"}
{"timestamp":"2026-08-08T18:32:08.920760","level":"info","event":"Classifying review 25: The food was absolutely delicious. Great value for the price.","logger":"airflow.task.hooks.airflow.providers.standard.hooks.subprocess.SubprocessHook"}
{"timestamp":"2026-08-08T18:32:08.920829","level":"info","event":"Labels for review 25: {'sentiment_label': 'positive', 'sentiment_score': 0.9, 'topic': 'food quality', 'key_issue': None}","logger":"airflow.task.hooks.airflow.providers.standard.hooks.subprocess.SubprocessHook"}
{"timestamp":"2026-08-08T18:32:08.920897","level":"info","event":"Saving 10 enriched reviews to Snowflake...","logger":"airflow.task.hooks.airflow.providers.standard.hooks.subprocess.SubprocessHook"}
{"timestamp":"2026-08-08T18:32:08.920963","level":"info","event":"Saved 10 enriched reviews to Snowflake.","logger":"airflow.task.hooks.airflow.providers.standard.hooks.subprocess.SubprocessHook"}
{"timestamp":"2026-08-08T18:32:09.210414","level":"info","event":"Command exited with return code 0","logger":"airflow.task.hooks.airflow.providers.standard.hooks.subprocess.SubprocessHook"}
{"timestamp":"2026-08-08T18:32:09.214869","level":"info","event":"Pushing xcom","ti":"RuntimeTaskInstance(id=UUID('019fe2a4-beb7-7ad4-abcc-a1a6e1cb8450'), task_id='enrich_reviews', dag_id='zomato_batch', run_id='scheduled__2026-08-08T00:00:00+00:00', try_number=1, map_index=-1, hostname='a9ce8aedf08a', context_carrier=None, task=<Task(BashOperator): enrich_reviews>, bundle_instance=LocalDagBundle(name=dags-folder), max_tries=0, start_date=datetime.datetime(2026, 8, 8, 18, 32, 1, 115014, tzinfo=datetime.timezone.utc), end_date=None, state=<TaskInstanceState.RUNNING: 'running'>, is_mapped=False, rendered_map_index=None, log_url='http://localhost:8080/dags/zomato_batch/runs/scheduled__2026-08-08T00%3A00%3A00%2B00%3A00/tasks/enrich_reviews?try_number=1')","logger":"task"}
