{"timestamp":"2026-08-09T00:42:01.432315","level":"info","event":"DAG bundles loaded: dags-folder","logger":"airflow.dag_processing.bundles.manager.DagBundlesManager"}
{"timestamp":"2026-08-09T00:42:01.433634","level":"info","event":"Filling up the DagBag from /opt/airflow/dags/zomato_batch.py","logger":"airflow.models.dagbag.DagBag"}
{"timestamp":"2026-08-09T00:42:01.578965","level":"info","event":"Tmp dir root location: /tmp","logger":"airflow.task.hooks.airflow.providers.standard.hooks.subprocess.SubprocessHook"}
{"timestamp":"2026-08-09T00:42:01.580715","level":"info","event":"Running command: ['/usr/bin/bash', '-c', 'python /opt/airflow/ai/enrich_reviews.py']","logger":"airflow.task.hooks.airflow.providers.standard.hooks.subprocess.SubprocessHook"}
{"timestamp":"2026-08-09T00:42:01.595768","level":"info","event":"Output:","logger":"airflow.task.hooks.airflow.providers.standard.hooks.subprocess.SubprocessHook"}
{"timestamp":"2026-08-09T00:42:05.435369","level":"info","event":"Traceback (most recent call last):","logger":"airflow.task.hooks.airflow.providers.standard.hooks.subprocess.SubprocessHook"}
{"timestamp":"2026-08-09T00:42:05.437974","level":"info","event":"  File \"/home/airflow/.local/lib/python3.12/site-packages/snowflake/connector/vendored/urllib3/connection.py\", line 174, in _new_conn","logger":"airflow.task.hooks.airflow.providers.standard.hooks.subprocess.SubprocessHook"}
{"timestamp":"2026-08-09T00:42:05.438450","level":"info","event":"    conn = connection.create_connection(","logger":"airflow.task.hooks.airflow.providers.standard.hooks.subprocess.SubprocessHook"}
{"timestamp":"2026-08-09T00:42:05.438840","level":"info","event":"           ^^^^^^^^^^^^^^^^^^^^^^^^^^^^^","logger":"airflow.task.hooks.airflow.providers.standard.hooks.subprocess.SubprocessHook"}
{"timestamp":"2026-08-09T00:42:05.439116","level":"info","event":"  File \"/home/airflow/.local/lib/python3.12/site-packages/snowflake/connector/vendored/urllib3/util/connection.py\", line 79, in create_connection","logger":"airflow.task.hooks.airflow.providers.standard.hooks.subprocess.SubprocessHook"}
{"timestamp":"2026-08-09T00:42:05.439417","level":"info","event":"    for res in socket.getaddrinfo(host, port, family, socket.SOCK_STREAM):","logger":"airflow.task.hooks.airflow.providers.standard.hooks.subprocess.SubprocessHook"}
{"timestamp":"2026-08-09T00:42:05.439647","level":"info","event":"               ^^^^^^^^^^^^^^^^^^^^^^^^^^^^^^^^^^^^^^^^^^^^^^^^^^^^^^^^^^","logger":"airflow.task.hooks.airflow.providers.standard.hooks.subprocess.SubprocessHook"}
{"timestamp":"2026-08-09T00:42:05.439751","level":"info","event":"  File \"/usr/local/lib/python3.12/socket.py\", line 978, in getaddrinfo","logger":"airflow.task.hooks.airflow.providers.standard.hooks.subprocess.SubprocessHook"}
{"timestamp":"2026-08-09T00:42:05.439811","level":"info","event":"    for res in _socket.getaddrinfo(host, port, family, type, proto, flags):","logger":"airflow.task.hooks.airflow.providers.standard.hooks.subprocess.SubprocessHook"}
{"timestamp":"2026-08-09T00:42:05.439907","level":"info","event":"               ^^^^^^^^^^^^^^^^^^^^^^^^^^^^^^^^^^^^^^^^^^^^^^^^^^^^^^^^^^^","logger":"airflow.task.hooks.airflow.providers.standard.hooks.subprocess.SubprocessHook"}
{"timestamp":"2026-08-09T00:42:05.440109","level":"info","event":"socket.gaierror: [Errno -2] Name or service not known","logger":"airflow.task.hooks.airflow.providers.standard.hooks.subprocess.SubprocessHook"}
{"timestamp":"2026-08-09T00:42:05.440194","level":"info","event":"","logger":"airflow.task.hooks.airflow.providers.standard.hooks.subprocess.SubprocessHook"}
{"timestamp":"2026-08-09T00:42:05.440542","level":"info","event":"During handling of the above exception, another exception occurred:","logger":"airflow.task.hooks.airflow.providers.standard.hooks.subprocess.SubprocessHook"}
{"timestamp":"2026-08-09T00:42:05.440585","level":"info","event":"","logger":"airflow.task.hooks.airflow.providers.standard.hooks.subprocess.SubprocessHook"}
{"timestamp":"2026-08-09T00:42:05.440714","level":"info","event":"Traceback (most recent call last):","logger":"airflow.task.hooks.airflow.providers.standard.hooks.subprocess.SubprocessHook"}
{"timestamp":"2026-08-09T00:42:05.440884","level":"info","event":"  File \"/home/airflow/.local/lib/python3.12/site-packages/snowflake/connector/vendored/urllib3/connectionpool.py\", line 715, in urlopen","logger":"airflow.task.hooks.airflow.providers.standard.hooks.subprocess.SubprocessHook"}
{"timestamp":"2026-08-09T00:42:05.440990","level":"info","event":"    httplib_response = self._make_request(","logger":"airflow.task.hooks.airflow.providers.standard.hooks.subprocess.SubprocessHook"}
{"timestamp":"2026-08-09T00:42:05.441038","level":"info","event":"                       ^^^^^^^^^^^^^^^^^^^","logger":"airflow.task.hooks.airflow.providers.standard.hooks.subprocess.SubprocessHook"}
{"timestamp":"2026-08-09T00:42:05.441079","level":"info","event":"  File \"/home/airflow/.local/lib/python3.12/site-packages/snowflake/connector/vendored/urllib3/connectionpool.py\", line 404, in _make_request","logger":"airflow.task.hooks.airflow.providers.standard.hooks.subprocess.SubprocessHook"}
{"timestamp":"2026-08-09T00:42:05.441212","level":"info","event":"    self._validate_conn(conn)","logger":"airflow.task.hooks.airflow.providers.standard.hooks.subprocess.SubprocessHook"}
{"timestamp":"2026-08-09T00:42:05.441268","level":"info","event":"  File \"/home/airflow/.local/lib/python3.12/site-packages/snowflake/connector/vendored/urllib3/connectionpool.py\", line 1058, in _validate_conn","logger":"airflow.task.hooks.airflow.providers.standard.hooks.subprocess.SubprocessHook"}
{"timestamp":"2026-08-09T00:42:05.441347","level":"info","event":"    conn.connect()","logger":"airflow.task.hooks.airflow.providers.standard.hooks.subprocess.SubprocessHook"}
{"timestamp":"2026-08-09T00:42:05.441402","level":"info","event":"  File \"/home/airflow/.local/lib/python3.12/site-packages/snowflake/connector/vendored/urllib3/connection.py\", line 363, in connect","logger":"airflow.task.hooks.airflow.providers.standard.hooks.subprocess.SubprocessHook"}
{"timestamp":"2026-08-09T00:42:05.441460","level":"info","event":"    self.sock = conn = self._new_conn()","logger":"airflow.task.hooks.airflow.providers.standard.hooks.subprocess.SubprocessHook"}
{"timestamp":"2026-08-09T00:42:05.441531","level":"info","event":"                       ^^^^^^^^^^^^^^^^","logger":"airflow.task.hooks.airflow.providers.standard.hooks.subprocess.SubprocessHook"}
{"timestamp":"2026-08-09T00:42:05.441571","level":"info","event":"  File \"/home/airflow/.local/lib/python3.12/site-packages/snowflake/connector/vendored/urllib3/connection.py\", line 186, in _new_conn","logger":"airflow.task.hooks.airflow.providers.standard.hooks.subprocess.SubprocessHook"}
{"timestamp":"2026-08-09T00:42:05.441601","level":"info","event":"    raise NewConnectionError(","logger":"airflow.task.hooks.airflow.providers.standard.hooks.subprocess.SubprocessHook"}
{"timestamp":"2026-08-09T00:42:05.441630","level":"info","event":"snowflake.connector.vendored.urllib3.exceptions.NewConnectionError: <snowflake.connector.vendored.urllib3.connection.HTTPSConnection object at 0xffff8c8c9190>: Failed to establish a new connection: [Errno -2] Name or service not known","logger":"airflow.task.hooks.airflow.providers.standard.hooks.subprocess.SubprocessHook"}
{"timestamp":"2026-08-09T00:42:05.441752","level":"info","event":"","logger":"airflow.task.hooks.airflow.providers.standard.hooks.subprocess.SubprocessHook"}
{"timestamp":"2026-08-09T00:42:05.441910","level":"info","event":"During handling of the above exception, another exception occurred:","logger":"airflow.task.hooks.airflow.providers.standard.hooks.subprocess.SubprocessHook"}
{"timestamp":"2026-08-09T00:42:05.441976","level":"info","event":"","logger":"airflow.task.hooks.airflow.providers.standard.hooks.subprocess.SubprocessHook"}
{"timestamp":"2026-08-09T00:42:05.442036","level":"info","event":"Traceback (most recent call last):","logger":"airflow.task.hooks.airflow.providers.standard.hooks.subprocess.SubprocessHook"}
{"timestamp":"2026-08-09T00:42:05.442096","level":"info","event":"  File \"/home/airflow/.local/lib/python3.12/site-packages/snowflake/connector/vendored/requests/adapters.py\", line 485, in send","logger":"airflow.task.hooks.airflow.providers.standard.hooks.subprocess.SubprocessHook"}
{"timestamp":"2026-08-09T00:42:05.442151","level":"info","event":"    resp = conn.urlopen(","logger":"airflow.task.hooks.airflow.providers.standard.hooks.subprocess.SubprocessHook"}
{"timestamp":"2026-08-09T00:42:05.442236","level":"info","event":"           ^^^^^^^^^^^^^","logger":"airflow.task.hooks.airflow.providers.standard.hooks.subprocess.SubprocessHook"}
{"timestamp":"2026-08-09T00:42:05.442287","level":"info","event":"  File \"/home/airflow/.local/lib/python3.12/site-packages/snowflake/connector/vendored/urllib3/connectionpool.py\", line 827, in urlopen","logger":"airflow.task.hooks.airflow.providers.standard.hooks.subprocess.SubprocessHook"}
{"timestamp":"2026-08-09T00:42:05.442371","level":"info","event":"    return self.urlopen(","logger":"airflow.task.hooks.airflow.providers.standard.hooks.subprocess.SubprocessHook"}
{"timestamp":"2026-08-09T00:42:05.442473","level":"info","event":"           ^^^^^^^^^^^^^","logger":"airflow.task.hooks.airflow.providers.standard.hooks.subprocess.SubprocessHook"}
{"timestamp":"2026-08-09T00:42:05.442534","level":"info","event":"  File \"/home/airflow/.local/lib/python3.12/site-packages/snowflake/connector/vendored/urllib3/connectionpool.py\", line 799, in urlopen","logger":"airflow.task.hooks.airflow.providers.standard.hooks.subprocess.SubprocessHook"}
{"timestamp":"2026-08-09T00:42:05.442616","level":"info","event":"    retries = retries.increment(","logger":"airflow.task.hooks.airflow.providers.standard.hooks.subprocess.SubprocessHook"}
{"timestamp":"2026-08-09T00:42:05.442728","level":"info","event":"              ^^^^^^^^^^^^^^^^^^","logger":"airflow.task.hooks.airflow.providers.standard.hooks.subprocess.SubprocessHook"}
{"timestamp":"2026-08-09T00:42:05.442799","level":"info","event":"  File \"/home/airflow/.local/lib/python3.12/site-packages/snowflake/connector/vendored/urllib3/util/retry.py\", line 592, in increment","logger":"airflow.task.hooks.airflow.providers.standard.hooks.subprocess.SubprocessHook"}
{"timestamp":"2026-08-09T00:42:05.443011","level":"info","event":"    raise MaxRetryError(_pool, url, error or ResponseError(cause))","logger":"airflow.task.hooks.airflow.providers.standard.hooks.subprocess.SubprocessHook"}
{"timestamp":"2026-08-09T00:42:05.443275","level":"info","event":"snowflake.connector.vendored.urllib3.exceptions.MaxRetryError: HTTPSConnectionPool(host='xtokqus-qu65419.snowflakecomputing.com', port=443): Max retries exceeded with url: /session/v1/login-request?request_id=10f07234-4219-4d03-b0cb-c3a3197e42e3&databaseName=ZOMATO&schemaName=AI&warehouse=ZOMATO_WH&request_guid=28e85f52-7ece-42a7-a844-cfd2b889c8e0 (Caused by NewConnectionError('<snowflake.connector.vendored.urllib3.connection.HTTPSConnection object at 0xffff8c8c9190>: Failed to establish a new connection: [Errno -2] Name or service not known'))","logger":"airflow.task.hooks.airflow.providers.standard.hooks.subprocess.SubprocessHook"}
{"timestamp":"2026-08-09T00:42:05.443601","level":"info","event":"","logger":"airflow.task.hooks.airflow.providers.standard.hooks.subprocess.SubprocessHook"}
{"timestamp":"2026-08-09T00:42:05.443755","level":"info","event":"During handling of the above exception, another exception occurred:","logger":"airflow.task.hooks.airflow.providers.standard.hooks.subprocess.SubprocessHook"}
{"timestamp":"2026-08-09T00:42:05.443858","level":"info","event":"","logger":"airflow.task.hooks.airflow.providers.standard.hooks.subprocess.SubprocessHook"}
{"timestamp":"2026-08-09T00:42:05.443945","level":"info","event":"Traceback (most recent call last):","logger":"airflow.task.hooks.airflow.providers.standard.hooks.subprocess.SubprocessHook"}
{"timestamp":"2026-08-09T00:42:05.443983","level":"info","event":"  File \"/home/airflow/.local/lib/python3.12/site-packages/snowflake/connector/network.py\", line 1149, in _request_exec","logger":"airflow.task.hooks.airflow.providers.standard.hooks.subprocess.SubprocessHook"}
{"timestamp":"2026-08-09T00:42:05.444012","level":"info","event":"    raw_ret = session.request(","logger":"airflow.task.hooks.airflow.providers.standard.hooks.subprocess.SubprocessHook"}
{"timestamp":"2026-08-09T00:42:05.444038","level":"info","event":"              ^^^^^^^^^^^^^^^^","logger":"airflow.task.hooks.airflow.providers.standard.hooks.subprocess.SubprocessHook"}
{"timestamp":"2026-08-09T00:42:05.444067","level":"info","event":"  File \"/home/airflow/.local/lib/python3.12/site-packages/snowflake/connector/vendored/requests/sessions.py\", line 589, in request","logger":"airflow.task.hooks.airflow.providers.standard.hooks.subprocess.SubprocessHook"}
{"timestamp":"2026-08-09T00:42:05.444111","level":"info","event":"    resp = self.send(prep, **send_kwargs)","logger":"airflow.task.hooks.airflow.providers.standard.hooks.subprocess.SubprocessHook"}
{"timestamp":"2026-08-09T00:42:05.444138","level":"info","event":"           ^^^^^^^^^^^^^^^^^^^^^^^^^^^^^^","logger":"airflow.task.hooks.airflow.providers.standard.hooks.subprocess.SubprocessHook"}
{"timestamp":"2026-08-09T00:42:05.444189","level":"info","event":"  File \"/home/airflow/.local/lib/python3.12/site-packages/snowflake/connector/vendored/requests/sessions.py\", line 703, in send","logger":"airflow.task.hooks.airflow.providers.standard.hooks.subprocess.SubprocessHook"}
{"timestamp":"2026-08-09T00:42:05.444244","level":"info","event":"    r = adapter.send(request, **kwargs)","logger":"airflow.task.hooks.airflow.providers.standard.hooks.subprocess.SubprocessHook"}
{"timestamp":"2026-08-09T00:42:05.444305","level":"info","event":"        ^^^^^^^^^^^^^^^^^^^^^^^^^^^^^^^","logger":"airflow.task.hooks.airflow.providers.standard.hooks.subprocess.SubprocessHook"}
{"timestamp":"2026-08-09T00:42:05.444360","level":"info","event":"  File \"/home/airflow/.local/lib/python3.12/site-packages/snowflake/connector/vendored/requests/adapters.py\", line 518, in send","logger":"airflow.task.hooks.airflow.providers.standard.hooks.subprocess.SubprocessHook"}
{"timestamp":"2026-08-09T00:42:05.444420","level":"info","event":"    raise ConnectionError(e, request=request)","logger":"airflow.task.hooks.airflow.providers.standard.hooks.subprocess.SubprocessHook"}
{"timestamp":"2026-08-09T00:42:05.444503","level":"info","event":"snowflake.connector.vendored.requests.exceptions.ConnectionError: HTTPSConnectionPool(host='xtokqus-qu65419.snowflakecomputing.com', port=443): Max retries exceeded with url: /session/v1/login-request?request_id=10f07234-4219-4d03-b0cb-c3a3197e42e3&databaseName=ZOMATO&schemaName=AI&warehouse=ZOMATO_WH&request_guid=28e85f52-7ece-42a7-a844-cfd2b889c8e0 (Caused by NewConnectionError('<snowflake.connector.vendored.urllib3.connection.HTTPSConnection object at 0xffff8c8c9190>: Failed to establish a new connection: [Errno -2] Name or service not known'))","logger":"airflow.task.hooks.airflow.providers.standard.hooks.subprocess.SubprocessHook"}
{"timestamp":"2026-08-09T00:42:05.444600","level":"info","event":"","logger":"airflow.task.hooks.airflow.providers.standard.hooks.subprocess.SubprocessHook"}
{"timestamp":"2026-08-09T00:42:05.444660","level":"info","event":"During handling of the above exception, another exception occurred:","logger":"airflow.task.hooks.airflow.providers.standard.hooks.subprocess.SubprocessHook"}
{"timestamp":"2026-08-09T00:42:05.444717","level":"info","event":"","logger":"airflow.task.hooks.airflow.providers.standard.hooks.subprocess.SubprocessHook"}
{"timestamp":"2026-08-09T00:42:05.444763","level":"info","event":"Traceback (most recent call last):","logger":"airflow.task.hooks.airflow.providers.standard.hooks.subprocess.SubprocessHook"}
{"timestamp":"2026-08-09T00:42:05.444852","level":"info","event":"  File \"/home/airflow/.local/lib/python3.12/site-packages/snowflake/connector/connection.py\", line 1669, in _authenticate","logger":"airflow.task.hooks.airflow.providers.standard.hooks.subprocess.SubprocessHook"}
{"timestamp":"2026-08-09T00:42:05.444924","level":"info","event":"    auth.authenticate(","logger":"airflow.task.hooks.airflow.providers.standard.hooks.subprocess.SubprocessHook"}
{"timestamp":"2026-08-09T00:42:05.444981","level":"info","event":"  File \"/home/airflow/.local/lib/python3.12/site-packages/snowflake/connector/auth/_auth.py\", line 226, in authenticate","logger":"airflow.task.hooks.airflow.providers.standard.hooks.subprocess.SubprocessHook"}
{"timestamp":"2026-08-09T00:42:05.445034","level":"info","event":"    ret = self._rest._post_request(","logger":"airflow.task.hooks.airflow.providers.standard.hooks.subprocess.SubprocessHook"}
{"timestamp":"2026-08-09T00:42:05.445067","level":"info","event":"          ^^^^^^^^^^^^^^^^^^^^^^^^^","logger":"airflow.task.hooks.airflow.providers.standard.hooks.subprocess.SubprocessHook"}
{"timestamp":"2026-08-09T00:42:05.445092","level":"info","event":"  File \"/home/airflow/.local/lib/python3.12/site-packages/snowflake/connector/network.py\", line 805, in _post_request","logger":"airflow.task.hooks.airflow.providers.standard.hooks.subprocess.SubprocessHook"}
{"timestamp":"2026-08-09T00:42:05.445183","level":"info","event":"    ret = self.fetch(","logger":"airflow.task.hooks.airflow.providers.standard.hooks.subprocess.SubprocessHook"}
{"timestamp":"2026-08-09T00:42:05.445249","level":"info","event":"          ^^^^^^^^^^^","logger":"airflow.task.hooks.airflow.providers.standard.hooks.subprocess.SubprocessHook"}
{"timestamp":"2026-08-09T00:42:05.445322","level":"info","event":"  File \"/home/airflow/.local/lib/python3.12/site-packages/snowflake/connector/network.py\", line 924, in fetch","logger":"airflow.task.hooks.airflow.providers.standard.hooks.subprocess.SubprocessHook"}
{"timestamp":"2026-08-09T00:42:05.445368","level":"info","event":"    ret = self._request_exec_wrapper(","logger":"airflow.task.hooks.airflow.providers.standard.hooks.subprocess.SubprocessHook"}
{"timestamp":"2026-08-09T00:42:05.445440","level":"info","event":"          ^^^^^^^^^^^^^^^^^^^^^^^^^^^","logger":"airflow.task.hooks.airflow.providers.standard.hooks.subprocess.SubprocessHook"}
{"timestamp":"2026-08-09T00:42:05.445522","level":"info","event":"  File \"/home/airflow/.local/lib/python3.12/site-packages/snowflake/connector/network.py\", line 1054, in _request_exec_wrapper","logger":"airflow.task.hooks.airflow.providers.standard.hooks.subprocess.SubprocessHook"}
{"timestamp":"2026-08-09T00:42:05.445577","level":"info","event":"    raise e","logger":"airflow.task.hooks.airflow.providers.standard.hooks.subprocess.SubprocessHook"}
{"timestamp":"2026-08-09T00:42:05.445704","level":"info","event":"  File \"/home/airflow/.local/lib/python3.12/site-packages/snowflake/connector/network.py\", line 975, in _request_exec_wrapper","logger":"airflow.task.hooks.airflow.providers.standard.hooks.subprocess.SubprocessHook"}
{"timestamp":"2026-08-09T00:42:05.445751","level":"info","event":"    return_object = self._request_exec(","logger":"airflow.task.hooks.airflow.providers.standard.hooks.subprocess.SubprocessHook"}
{"timestamp":"2026-08-09T00:42:05.445778","level":"info","event":"                    ^^^^^^^^^^^^^^^^^^^","logger":"airflow.task.hooks.airflow.providers.standard.hooks.subprocess.SubprocessHook"}
{"timestamp":"2026-08-09T00:42:05.445807","level":"info","event":"  File \"/home/airflow/.local/lib/python3.12/site-packages/snowflake/connector/network.py\", line 1247, in _request_exec","logger":"airflow.task.hooks.airflow.providers.standard.hooks.subprocess.SubprocessHook"}
{"timestamp":"2026-08-09T00:42:05.445872","level":"info","event":"    raise OperationalError(","logger":"airflow.task.hooks.airflow.providers.standard.hooks.subprocess.SubprocessHook"}
{"timestamp":"2026-08-09T00:42:05.445928","level":"info","event":"snowflake.connector.errors.OperationalError: 251011: ConnectionTimeout occurred during login. Will be handled by authenticator","logger":"airflow.task.hooks.airflow.providers.standard.hooks.subprocess.SubprocessHook"}
{"timestamp":"2026-08-09T00:42:05.445995","level":"info","event":"","logger":"airflow.task.hooks.airflow.providers.standard.hooks.subprocess.SubprocessHook"}
{"timestamp":"2026-08-09T00:42:05.446052","level":"info","event":"The above exception was the direct cause of the following exception:","logger":"airflow.task.hooks.airflow.providers.standard.hooks.subprocess.SubprocessHook"}
{"timestamp":"2026-08-09T00:42:05.446119","level":"info","event":"","logger":"airflow.task.hooks.airflow.providers.standard.hooks.subprocess.SubprocessHook"}
{"timestamp":"2026-08-09T00:42:05.446175","level":"info","event":"Traceback (most recent call last):","logger":"airflow.task.hooks.airflow.providers.standard.hooks.subprocess.SubprocessHook"}
{"timestamp":"2026-08-09T00:42:05.446223","level":"info","event":"  File \"/opt/airflow/ai/enrich_reviews.py\", line 129, in <module>","logger":"airflow.task.hooks.airflow.providers.standard.hooks.subprocess.SubprocessHook"}
{"timestamp":"2026-08-09T00:42:05.446273","level":"info","event":"    main()","logger":"airflow.task.hooks.airflow.providers.standard.hooks.subprocess.SubprocessHook"}
{"timestamp":"2026-08-09T00:42:05.446316","level":"info","event":"  File \"/opt/airflow/ai/enrich_reviews.py\", line 94, in main","logger":"airflow.task.hooks.airflow.providers.standard.hooks.subprocess.SubprocessHook"}
{"timestamp":"2026-08-09T00:42:05.446358","level":"info","event":"    conn = get_connection()","logger":"airflow.task.hooks.airflow.providers.standard.hooks.subprocess.SubprocessHook"}
{"timestamp":"2026-08-09T00:42:05.446409","level":"info","event":"           ^^^^^^^^^^^^^^^^","logger":"airflow.task.hooks.airflow.providers.standard.hooks.subprocess.SubprocessHook"}
{"timestamp":"2026-08-09T00:42:05.446463","level":"info","event":"  File \"/opt/airflow/ai/enrich_reviews.py\", line 35, in get_connection","logger":"airflow.task.hooks.airflow.providers.standard.hooks.subprocess.SubprocessHook"}
{"timestamp":"2026-08-09T00:42:05.446548","level":"info","event":"    return snowflake.connector.connect(","logger":"airflow.task.hooks.airflow.providers.standard.hooks.subprocess.SubprocessHook"}
{"timestamp":"2026-08-09T00:42:05.446714","level":"info","event":"           ^^^^^^^^^^^^^^^^^^^^^^^^^^^^","logger":"airflow.task.hooks.airflow.providers.standard.hooks.subprocess.SubprocessHook"}
{"timestamp":"2026-08-09T00:42:05.446784","level":"info","event":"  File \"/home/airflow/.local/lib/python3.12/site-packages/snowflake/connector/__init__.py\", line 54, in Connect","logger":"airflow.task.hooks.airflow.providers.standard.hooks.subprocess.SubprocessHook"}
{"timestamp":"2026-08-09T00:42:05.446850","level":"info","event":"    return SnowflakeConnection(**kwargs)","logger":"airflow.task.hooks.airflow.providers.standard.hooks.subprocess.SubprocessHook"}
{"timestamp":"2026-08-09T00:42:05.446897","level":"info","event":"           ^^^^^^^^^^^^^^^^^^^^^^^^^^^^^","logger":"airflow.task.hooks.airflow.providers.standard.hooks.subprocess.SubprocessHook"}
{"timestamp":"2026-08-09T00:42:05.447013","level":"info","event":"  File \"/home/airflow/.local/lib/python3.12/site-packages/snowflake/connector/connection.py\", line 554, in __init__","logger":"airflow.task.hooks.airflow.providers.standard.hooks.subprocess.SubprocessHook"}
{"timestamp":"2026-08-09T00:42:05.447063","level":"info","event":"    self.connect(**kwargs)","logger":"airflow.task.hooks.airflow.providers.standard.hooks.subprocess.SubprocessHook"}
{"timestamp":"2026-08-09T00:42:05.447111","level":"info","event":"  File \"/home/airflow/.local/lib/python3.12/site-packages/snowflake/connector/connection.py\", line 911, in connect","logger":"airflow.task.hooks.airflow.providers.standard.hooks.subprocess.SubprocessHook"}
{"timestamp":"2026-08-09T00:42:05.447181","level":"info","event":"    self.__open_connection()","logger":"airflow.task.hooks.airflow.providers.standard.hooks.subprocess.SubprocessHook"}
{"timestamp":"2026-08-09T00:42:05.447218","level":"info","event":"  File \"/home/airflow/.local/lib/python3.12/site-packages/snowflake/connector/connection.py\", line 1312, in __open_connection","logger":"airflow.task.hooks.airflow.providers.standard.hooks.subprocess.SubprocessHook"}
{"timestamp":"2026-08-09T00:42:05.447265","level":"info","event":"    self.authenticate_with_retry(self.auth_class)","logger":"airflow.task.hooks.airflow.providers.standard.hooks.subprocess.SubprocessHook"}
{"timestamp":"2026-08-09T00:42:05.447328","level":"info","event":"  File \"/home/airflow/.local/lib/python3.12/site-packages/snowflake/connector/connection.py\", line 1637, in authenticate_with_retry","logger":"airflow.task.hooks.airflow.providers.standard.hooks.subprocess.SubprocessHook"}
{"timestamp":"2026-08-09T00:42:05.447401","level":"info","event":"    self._authenticate(auth_instance)","logger":"airflow.task.hooks.airflow.providers.standard.hooks.subprocess.SubprocessHook"}
{"timestamp":"2026-08-09T00:42:05.447485","level":"info","event":"  File \"/home/airflow/.local/lib/python3.12/site-packages/snowflake/connector/connection.py\", line 1715, in _authenticate","logger":"airflow.task.hooks.airflow.providers.standard.hooks.subprocess.SubprocessHook"}
{"timestamp":"2026-08-09T00:42:05.447538","level":"info","event":"    raise auth_op from e","logger":"airflow.task.hooks.airflow.providers.standard.hooks.subprocess.SubprocessHook"}
{"timestamp":"2026-08-09T00:42:05.447592","level":"info","event":"  File \"/home/airflow/.local/lib/python3.12/site-packages/snowflake/connector/connection.py\", line 1690, in _authenticate","logger":"airflow.task.hooks.airflow.providers.standard.hooks.subprocess.SubprocessHook"}
{"timestamp":"2026-08-09T00:42:05.447651","level":"info","event":"    auth_instance.handle_timeout(","logger":"airflow.task.hooks.airflow.providers.standard.hooks.subprocess.SubprocessHook"}
{"timestamp":"2026-08-09T00:42:05.447743","level":"info","event":"  File \"/home/airflow/.local/lib/python3.12/site-packages/snowflake/connector/auth/by_plugin.py\", line 212, in handle_timeout","logger":"airflow.task.hooks.airflow.providers.standard.hooks.subprocess.SubprocessHook"}
{"timestamp":"2026-08-09T00:42:05.447797","level":"info","event":"    raise error","logger":"airflow.task.hooks.airflow.providers.standard.hooks.subprocess.SubprocessHook"}
{"timestamp":"2026-08-09T00:42:05.447884","level":"info","event":"snowflake.connector.errors.OperationalError: 250001: Could not connect to Snowflake backend after 2 attempt(s).Aborting","logger":"airflow.task.hooks.airflow.providers.standard.hooks.subprocess.SubprocessHook"}
{"timestamp":"2026-08-09T00:42:05.784648","level":"info","event":"Command exited with return code 1","logger":"airflow.task.hooks.airflow.providers.standard.hooks.subprocess.SubprocessHook"}
{"timestamp":"2026-08-09T00:42:05.793634","level":"error","event":"Task failed with exception","logger":"task","error_detail":[{"exc_type":"AirflowException","exc_value":"Bash command failed. The command returned a non-zero exit code 1.","exc_notes":[],"syntax_error":null,"is_cause":false,"frames":[{"filename":"/home/airflow/.local/lib/python3.12/site-packages/airflow/sdk/execution_time/task_runner.py","lineno":877,"name":"run"},{"filename":"/home/airflow/.local/lib/python3.12/site-packages/airflow/sdk/execution_time/task_runner.py","lineno":1164,"name":"_execute_task"},{"filename":"/home/airflow/.local/lib/python3.12/site-packages/airflow/sdk/bases/operator.py","lineno":397,"name":"wrapper"},{"filename":"/home/airflow/.local/lib/python3.12/site-packages/airflow/providers/standard/operators/bash.py","lineno":232,"name":"execute"}],"is_group":false,"exceptions":[]}]}
